Component: Arm Compiler for Embedded 6.23 Tool: armlink [5f102400]

==============================================================================

Section Cross References

    main.o(.text.TIM2_IRQHandler) refers to main.o(.data.step) for step
    main.o(.text.TIM2_IRQHandler) refers to main.o(.data.stepper) for stepper
    main.o(.text.TIM2_IRQHandler) refers to stepper.o(.text.ULN2003_Stepper_Step) for ULN2003_Stepper_Step
    main.o(.text.TIM2_IRQHandler) refers to main.o(.bss.step_count) for step_count
    main.o(.ARM.exidx.text.TIM2_IRQHandler) refers to main.o(.text.TIM2_IRQHandler) for [Anonymous Symbol]
    main.o(.text.main) refers to timing.o(.text.SysTick_Init) for SysTick_Init
    main.o(.text.main) refers to uart.o(.text.UART2_Init) for UART2_Init
    main.o(.text.main) refers to main.o(.bss.sensor) for sensor
    main.o(.text.main) refers to vl53l0x.o(.text.VL53L0X_Init) for VL53L0X_Init
    main.o(.text.main) refers to main.o(.data.stepper) for stepper
    main.o(.text.main) refers to stepper.o(.text.ULN2003_Stepper_Init) for ULN2003_Stepper_Init
    main.o(.text.main) refers to main.o(.data.step) for step
    main.o(.text.main) refers to stepper.o(.text.ULN2003_Stepper_Step) for ULN2003_Stepper_Step
    main.o(.text.main) refers to timing.o(.text.delay_ms) for delay_ms
    main.o(.text.main) refers to system_stm32f4xx.o(.data.SystemCoreClock) for SystemCoreClock
    main.o(.text.main) refers to timing.o(.text.get_millis) for get_millis
    main.o(.text.main) refers to main.o(.bss.rangingData) for rangingData
    main.o(.text.main) refers to main.o(.bss.distance) for distance
    main.o(.text.main) refers to main.o(.bss.step_count) for step_count
    main.o(.text.main) refers to main.o(.bss.angle) for angle
    main.o(.text.main) refers to main.o(.bss.uartBuf) for uartBuf
    main.o(.text.main) refers to vl53l0x.o(.text.VL53L0X_GetDistance_mm) for VL53L0X_GetDistance_mm
    main.o(.text.main) refers to uart.o(.text.uart_format) for uart_format
    main.o(.text.main) refers to uart.o(.text.UART2_WriteString) for UART2_WriteString
    main.o(.ARM.exidx.text.main) refers to main.o(.text.main) for [Anonymous Symbol]
    gpio.o(.ARM.exidx.text.pinMode) refers to gpio.o(.text.pinMode) for [Anonymous Symbol]
    gpio.o(.ARM.exidx.text.digitalWrite) refers to gpio.o(.text.digitalWrite) for [Anonymous Symbol]
    gpio.o(.ARM.exidx.text.digitalRead) refers to gpio.o(.text.digitalRead) for [Anonymous Symbol]
    uart.o(.ARM.exidx.text.UART2_Init) refers to uart.o(.text.UART2_Init) for [Anonymous Symbol]
    uart.o(.ARM.exidx.text.UART2_WriteChar) refers to uart.o(.text.UART2_WriteChar) for [Anonymous Symbol]
    uart.o(.ARM.exidx.text.UART2_WriteString) refers to uart.o(.text.UART2_WriteString) for [Anonymous Symbol]
    uart.o(.ARM.exidx.text.UART2_ReadChar) refers to uart.o(.text.UART2_ReadChar) for [Anonymous Symbol]
    uart.o(.ARM.exidx.text.UART2_ReadString) refers to uart.o(.text.UART2_ReadString) for [Anonymous Symbol]
    uart.o(.ARM.exidx.text.UART1_Init) refers to uart.o(.text.UART1_Init) for [Anonymous Symbol]
    uart.o(.ARM.exidx.text.UART1_WriteChar) refers to uart.o(.text.UART1_WriteChar) for [Anonymous Symbol]
    uart.o(.ARM.exidx.text.UART1_WriteString) refers to uart.o(.text.UART1_WriteString) for [Anonymous Symbol]
    uart.o(.ARM.exidx.text.UART1_ReadChar) refers to uart.o(.text.UART1_ReadChar) for [Anonymous Symbol]
    uart.o(.ARM.exidx.text.UART1_ReadString) refers to uart.o(.text.UART1_ReadString) for [Anonymous Symbol]
    uart.o(.ARM.exidx.text.uart_format) refers to uart.o(.text.uart_format) for [Anonymous Symbol]
    i2c.o(.ARM.exidx.text.I2C1_Init) refers to i2c.o(.text.I2C1_Init) for [Anonymous Symbol]
    i2c.o(.ARM.exidx.text.I2C1_RecoverBus) refers to i2c.o(.text.I2C1_RecoverBus) for [Anonymous Symbol]
    i2c.o(.text.I2C1_ReadByte) refers to timing.o(.text.get_millis) for get_millis
    i2c.o(.text.I2C1_ReadByte) refers to i2c.o(.text.I2C1_RecoverBus) for I2C1_RecoverBus
    i2c.o(.text.I2C1_ReadByte) refers to i2c.o(.text.wait_set) for wait_set
    i2c.o(.ARM.exidx.text.I2C1_ReadByte) refers to i2c.o(.text.I2C1_ReadByte) for [Anonymous Symbol]
    i2c.o(.text.wait_set) refers to timing.o(.text.get_millis) for get_millis
    i2c.o(.ARM.exidx.text.wait_set) refers to i2c.o(.text.wait_set) for [Anonymous Symbol]
    i2c.o(.text.I2C1_ReadBurst) refers to timing.o(.text.get_millis) for get_millis
    i2c.o(.text.I2C1_ReadBurst) refers to i2c.o(.text.I2C1_RecoverBus) for I2C1_RecoverBus
    i2c.o(.text.I2C1_ReadBurst) refers to i2c.o(.text.wait_set) for wait_set
    i2c.o(.ARM.exidx.text.I2C1_ReadBurst) refers to i2c.o(.text.I2C1_ReadBurst) for [Anonymous Symbol]
    i2c.o(.text.I2C1_WriteBurst) refers to timing.o(.text.get_millis) for get_millis
    i2c.o(.text.I2C1_WriteBurst) refers to i2c.o(.text.I2C1_RecoverBus) for I2C1_RecoverBus
    i2c.o(.ARM.exidx.text.I2C1_WriteBurst) refers to i2c.o(.text.I2C1_WriteBurst) for [Anonymous Symbol]
[...]
    Removing vl53l0x_api.o(.text.VL53L0X_GetSpadAmbientDamperThreshold), (44 bytes).
    Removing vl53l0x_api.o(.ARM.exidx.text.VL53L0X_GetSpadAmbientDamperThreshold), (8 bytes).
    Removing vl53l0x_api.o(.text.VL53L0X_SetSpadAmbientDamperFactor), (44 bytes).
    Removing vl53l0x_api.o(.ARM.exidx.text.VL53L0X_SetSpadAmbientDamperFactor), (8 bytes).
    Removing vl53l0x_api.o(.text.VL53L0X_GetSpadAmbientDamperFactor), (54 bytes).
    Removing vl53l0x_api.o(.ARM.exidx.text.VL53L0X_GetSpadAmbientDamperFactor), (8 bytes).
    Removing vl53l0x_api.o(.text.VL53L0X_SetReferenceSpads), (4 bytes).
    Removing vl53l0x_api.o(.ARM.exidx.text.VL53L0X_SetReferenceSpads), (8 bytes).
    Removing vl53l0x_api.o(.text.VL53L0X_GetReferenceSpads), (4 bytes).
    Removing vl53l0x_api.o(.ARM.exidx.text.VL53L0X_GetReferenceSpads), (8 bytes).
    Removing vl53l0x_api.o(.ARM.exidx.text.VL53L0X_PerformRefSpadManagement), (8 bytes).
    Removing vl53l0x_api_calibration.o(.text), (0 bytes).
    Removing vl53l0x_api_calibration.o(.text.VL53L0X_perform_xtalk_calibration), (246 bytes).
    Removing vl53l0x_api_calibration.o(.ARM.exidx.text.VL53L0X_perform_xtalk_calibration), (8 bytes).
    Removing vl53l0x_api_calibration.o(.text.VL53L0X_perform_offset_calibration), (226 bytes).
    Removing vl53l0x_api_calibration.o(.ARM.exidx.text.VL53L0X_perform_offset_calibration), (8 bytes).
    Removing vl53l0x_api_calibration.o(.text.VL53L0X_set_offset_calibration_data_micro_meter), (80 bytes).
    Removing vl53l0x_api_calibration.o(.ARM.exidx.text.VL53L0X_set_offset_calibration_data_micro_meter), (8 bytes).
    Removing vl53l0x_api_calibration.o(.ARM.exidx.text.VL53L0X_get_offset_calibration_data_micro_meter), (8 bytes).
    Removing vl53l0x_api_calibration.o(.text.VL53L0X_apply_offset_adjustment), (58 bytes).
    Removing vl53l0x_api_calibration.o(.ARM.exidx.text.VL53L0X_apply_offset_adjustment), (8 bytes).
    Removing vl53l0x_api_calibration.o(.text.get_next_good_spad), (102 bytes).
    Removing vl53l0x_api_calibration.o(.ARM.exidx.text.get_next_good_spad), (8 bytes).
    Removing vl53l0x_api_calibration.o(.text.is_aperture), (22 bytes).
    Removing vl53l0x_api_calibration.o(.ARM.exidx.text.is_aperture), (8 bytes).
    Removing vl53l0x_api_calibration.o(.text.enable_spad_bit), (38 bytes).
    Removing vl53l0x_api_calibration.o(.ARM.exidx.text.enable_spad_bit), (8 bytes).
    Removing vl53l0x_api_calibration.o(.text.count_enabled_spads), (146 bytes).
    Removing vl53l0x_api_calibration.o(.ARM.exidx.text.count_enabled_spads), (8 bytes).
    Removing vl53l0x_api_calibration.o(.text.set_ref_spad_map), (10 bytes).
    Removing vl53l0x_api_calibration.o(.ARM.exidx.text.set_ref_spad_map), (8 bytes).
    Removing vl53l0x_api_calibration.o(.text.get_ref_spad_map), (10 bytes).
    Removing vl53l0x_api_calibration.o(.ARM.exidx.text.get_ref_spad_map), (8 bytes).
    Removing vl53l0x_api_calibration.o(.ARM.exidx.text.enable_ref_spads), (8 bytes).
    Removing vl53l0x_api_calibration.o(.ARM.exidx.text.perform_ref_signal_measurement), (8 bytes).
    Removing vl53l0x_api_calibration.o(.ARM.exidx.text.VL53L0X_perform_ref_spad_management), (8 bytes).
    Removing vl53l0x_api_calibration.o(.ARM.exidx.text.VL53L0X_perform_ref_calibration), (8 bytes).
    Removing vl53l0x_api_calibration.o(.ARM.exidx.text.VL53L0X_set_reference_spads), (8 bytes).
    Removing vl53l0x_api_calibration.o(.text.VL53L0X_get_reference_spads), (176 bytes).
    Removing vl53l0x_api_calibration.o(.ARM.exidx.text.VL53L0X_get_reference_spads), (8 bytes).
    Removing vl53l0x_api_calibration.o(.text.VL53L0X_perform_single_ref_calibration), (58 bytes).
    Removing vl53l0x_api_calibration.o(.ARM.exidx.text.VL53L0X_perform_single_ref_calibration), (8 bytes).
    Removing vl53l0x_api_calibration.o(.text.VL53L0X_ref_calibration_io), (198 bytes).
    Removing vl53l0x_api_calibration.o(.ARM.exidx.text.VL53L0X_ref_calibration_io), (8 bytes).
    Removing vl53l0x_api_calibration.o(.ARM.exidx.text.VL53L0X_perform_vhv_calibration), (8 bytes).
    Removing vl53l0x_api_calibration.o(.ARM.exidx.text.VL53L0X_perform_phase_calibration), (8 bytes).
    Removing vl53l0x_api_calibration.o(.text.VL53L0X_set_ref_calibration), (42 bytes).
    Removing vl53l0x_api_calibration.o(.ARM.exidx.text.VL53L0X_set_ref_calibration), (8 bytes).
    Removing vl53l0x_api_calibration.o(.text.VL53L0X_get_ref_calibration), (30 bytes).
    Removing vl53l0x_api_calibration.o(.ARM.exidx.text.VL53L0X_get_ref_calibration), (8 bytes).
    Removing vl53l0x_api_core.o(.text), (0 bytes).
    Removing vl53l0x_api_core.o(.text.VL53L0X_reverse_bytes), (28 bytes).
    Removing vl53l0x_api_core.o(.ARM.exidx.text.VL53L0X_reverse_bytes), (8 bytes).
    Removing vl53l0x_api_core.o(.ARM.exidx.text.VL53L0X_measurement_poll_for_completion), (8 bytes).
    Removing vl53l0x_api_core.o(.text.VL53L0X_decode_vcsel_period), (10 bytes).
    Removing vl53l0x_api_core.o(.ARM.exidx.text.VL53L0X_decode_vcsel_period), (8 bytes).
    Removing vl53l0x_api_core.o(.text.VL53L0X_encode_vcsel_period), (12 bytes).
    Removing vl53l0x_api_core.o(.ARM.exidx.text.VL53L0X_encode_vcsel_period), (8 bytes).
    Removing vl53l0x_api_core.o(.text.VL53L0X_isqrt), (50 bytes).
    Removing vl53l0x_api_core.o(.ARM.exidx.text.VL53L0X_isqrt), (8 bytes).
    Removing vl53l0x_api_core.o(.text.VL53L0X_quadrature_sum), (72 bytes).
    Removing vl53l0x_api_core.o(.ARM.exidx.text.VL53L0X_quadrature_sum), (8 bytes).
    Removing vl53l0x_api_core.o(.text.VL53L0X_device_read_strobe), (86 bytes).
    Removing vl53l0x_api_core.o(.ARM.exidx.text.VL53L0X_device_read_strobe), (8 bytes).
    Removing vl53l0x_api_core.o(.ARM.exidx.text.VL53L0X_get_info_from_device), (8 bytes).
    Removing vl53l0x_api_core.o(.text.VL53L0X_calc_macro_period_ps), (12 bytes).
    Removing vl53l0x_api_core.o(.ARM.exidx.text.VL53L0X_calc_macro_period_ps), (8 bytes).
    Removing vl53l0x_api_core.o(.text.VL53L0X_encode_timeout), (46 bytes).
    Removing vl53l0x_api_core.o(.ARM.exidx.text.VL53L0X_encode_timeout), (8 bytes).
    Removing vl53l0x_api_core.o(.text.VL53L0X_decode_timeout), (12 bytes).
    Removing vl53l0x_api_core.o(.ARM.exidx.text.VL53L0X_decode_timeout), (8 bytes).
    Removing vl53l0x_api_core.o(.text.VL53L0X_calc_timeout_mclks), (44 bytes).
    Removing vl53l0x_api_core.o(.ARM.exidx.text.VL53L0X_calc_timeout_mclks), (8 bytes).
    Removing vl53l0x_api_core.o(.text.VL53L0X_calc_timeout_us), (42 bytes).
    Removing vl53l0x_api_core.o(.ARM.exidx.text.VL53L0X_calc_timeout_us), (8 bytes).
    Removing vl53l0x_api_core.o(.ARM.exidx.text.get_sequence_step_timeout), (8 bytes).
    Removing vl53l0x_api_core.o(.ARM.exidx.text.set_sequence_step_timeout), (8 bytes).
    Removing vl53l0x_api_core.o(.ARM.exidx.text.VL53L0X_set_vcsel_pulse_period), (8 bytes).
    Removing vl53l0x_api_core.o(.ARM.exidx.text.VL53L0X_get_vcsel_pulse_period), (8 bytes).
    Removing vl53l0x_api_core.o(.ARM.exidx.text.VL53L0X_set_measurement_timing_budget_micro_seconds), (8 bytes).
    Removing vl53l0x_api_core.o(.ARM.exidx.text.VL53L0X_get_measurement_timing_budget_micro_seconds), (8 bytes).
    Removing vl53l0x_api_core.o(.ARM.exidx.text.VL53L0X_load_tuning_settings), (8 bytes).
    Removing vl53l0x_api_core.o(.text.VL53L0X_get_total_xtalk_rate), (48 bytes).
    Removing vl53l0x_api_core.o(.ARM.exidx.text.VL53L0X_get_total_xtalk_rate), (8 bytes).
    Removing vl53l0x_api_core.o(.text.VL53L0X_get_total_signal_rate), (60 bytes).
    Removing vl53l0x_api_core.o(.ARM.exidx.text.VL53L0X_get_total_signal_rate), (8 bytes).
    Removing vl53l0x_api_core.o(.text.get_dmax_lut_points), (134 bytes).
    Removing vl53l0x_api_core.o(.ARM.exidx.text.get_dmax_lut_points), (8 bytes).
    Removing vl53l0x_api_core.o(.ARM.exidx.text.VL53L0X_calc_dmax), (8 bytes).
    Removing vl53l0x_api_core.o(.ARM.exidx.text.VL53L0X_calc_sigma_estimate), (8 bytes).
    Removing vl53l0x_api_core.o(.ARM.exidx.text.VL53L0X_get_pal_range_status), (8 bytes).
    Removing vl53l0x_api_ranging.o(.text), (0 bytes).
    Removing vl53l0x_api_strings.o(.text), (0 bytes).
    Removing vl53l0x_api_strings.o(.text.VL53L0X_check_part_used), (62 bytes).
    Removing vl53l0x_api_strings.o(.ARM.exidx.text.VL53L0X_check_part_used), (8 bytes).
    Removing vl53l0x_api_strings.o(.text.VL53L0X_get_device_info), (228 bytes).
    Removing vl53l0x_api_strings.o(.ARM.exidx.text.VL53L0X_get_device_info), (8 bytes).
    Removing vl53l0x_api_strings.o(.text.VL53L0X_get_device_error_string), (480 bytes).
    Removing vl53l0x_api_strings.o(.ARM.exidx.text.VL53L0X_get_device_error_string), (8 bytes).
    Removing vl53l0x_api_strings.o(.text.VL53L0X_get_range_status_string), (242 bytes).
    Removing vl53l0x_api_strings.o(.ARM.exidx.text.VL53L0X_get_range_status_string), (8 bytes).
    Removing vl53l0x_api_strings.o(.text.VL53L0X_get_pal_error_string), (672 bytes).
    Removing vl53l0x_api_strings.o(.ARM.exidx.text.VL53L0X_get_pal_error_string), (8 bytes).
    Removing vl53l0x_api_strings.o(.text.VL53L0X_get_pal_state_string), (280 bytes).
    Removing vl53l0x_api_strings.o(.ARM.exidx.text.VL53L0X_get_pal_state_string), (8 bytes).
    Removing vl53l0x_api_strings.o(.text.VL53L0X_get_sequence_steps_info), (118 bytes).
    Removing vl53l0x_api_strings.o(.ARM.exidx.text.VL53L0X_get_sequence_steps_info), (8 bytes).
    Removing vl53l0x_api_strings.o(.text.VL53L0X_get_limit_check_info), (236 bytes).
    Removing vl53l0x_api_strings.o(.ARM.exidx.text.VL53L0X_get_limit_check_info), (8 bytes).
    Removing vl53l0x_api_strings.o(.rodata.str1.4), (716 bytes).
    Removing vl53l0x_api_strings.o(.rodata.str1.1), (5 bytes).
    Removing vl53l0x_i2c_platform.o(.text), (0 bytes).
    Removing vl53l0x_i2c_platform.o(.ARM.exidx.text.VL53L0X_write_multi), (8 bytes).
    Removing vl53l0x_i2c_platform.o(.ARM.exidx.text.VL53L0X_read_multi), (8 bytes).
    Removing vl53l0x_i2c_platform.o(.ARM.exidx.text.VL53L0X_write_byte), (8 bytes).
    Removing vl53l0x_i2c_platform.o(.ARM.exidx.text.VL53L0X_write_word), (8 bytes).
    Removing vl53l0x_i2c_platform.o(.text.VL53L0X_write_dword), (24 bytes).
    Removing vl53l0x_i2c_platform.o(.ARM.exidx.text.VL53L0X_write_dword), (8 bytes).
    Removing vl53l0x_i2c_platform.o(.ARM.exidx.text.VL53L0X_read_byte), (8 bytes).
    Removing vl53l0x_i2c_platform.o(.ARM.exidx.text.VL53L0X_read_word), (8 bytes).
    Removing vl53l0x_i2c_platform.o(.ARM.exidx.text.VL53L0X_read_dword), (8 bytes).
    Removing vl53l0x_i2c_platform.o(.text.VL53L0X_platform_wait_us), (28 bytes).
    Removing vl53l0x_i2c_platform.o(.ARM.exidx.text.VL53L0X_platform_wait_us), (8 bytes).
    Removing vl53l0x_i2c_platform.o(.text.VL53L0X_wait_ms), (10 bytes).
    Removing vl53l0x_i2c_platform.o(.ARM.exidx.text.VL53L0X_wait_ms), (8 bytes).
    Removing vl53l0x_i2c_platform.o(.text.VL53L0X_set_gpio), (4 bytes).
    Removing vl53l0x_i2c_platform.o(.ARM.exidx.text.VL53L0X_set_gpio), (8 bytes).
    Removing vl53l0x_i2c_platform.o(.text.VL53L0X_get_gpio), (4 bytes).
    Removing vl53l0x_i2c_platform.o(.ARM.exidx.text.VL53L0X_get_gpio), (8 bytes).
    Removing vl53l0x_i2c_platform.o(.text.VL53L0X_release_gpio), (4 bytes).
    Removing vl53l0x_i2c_platform.o(.ARM.exidx.text.VL53L0X_release_gpio), (8 bytes).
    Removing vl53l0x_i2c_platform.o(.text.VL53L0X_get_timer_frequency), (10 bytes).
    Removing vl53l0x_i2c_platform.o(.ARM.exidx.text.VL53L0X_get_timer_frequency), (8 bytes).
    Removing vl53l0x_i2c_platform.o(.text.VL53L0X_get_timer_value), (10 bytes).
    Removing vl53l0x_i2c_platform.o(.ARM.exidx.text.VL53L0X_get_timer_value), (8 bytes).
    Removing vl53l0x_i2c_platform.o(.ARM.exidx.text.VL53L0X_PollingDelay), (8 bytes).
    Removing vl53l0x_i2c_platform.o(.bss.debug_string), (256 bytes).
    Removing vl53l0x_platform.o(.text), (0 bytes).
    Removing vl53l0x_platform.o(.text.VL53L0X_LockSequenceAccess), (4 bytes).
    Removing vl53l0x_platform.o(.ARM.exidx.text.VL53L0X_LockSequenceAccess), (8 bytes).
    Removing vl53l0x_platform.o(.text.VL53L0X_UnlockSequenceAccess), (4 bytes).
    Removing vl53l0x_platform.o(.ARM.exidx.text.VL53L0X_UnlockSequenceAccess), (8 bytes).
    Removing vl53l0x_platform.o(.ARM.exidx.text.VL53L0X_WriteMulti), (8 bytes).
    Removing vl53l0x_platform.o(.ARM.exidx.text.VL53L0X_ReadMulti), (8 bytes).
    Removing vl53l0x_platform.o(.ARM.exidx.text.VL53L0X_WrByte), (8 bytes).
    Removing vl53l0x_platform.o(.ARM.exidx.text.VL53L0X_WrWord), (8 bytes).
    Removing vl53l0x_platform.o(.text.VL53L0X_WrDWord), (20 bytes).
    Removing vl53l0x_platform.o(.ARM.exidx.text.VL53L0X_WrDWord), (8 bytes).
    Removing vl53l0x_platform.o(.ARM.exidx.text.VL53L0X_UpdateByte), (8 bytes).
    Removing vl53l0x_platform.o(.ARM.exidx.text.VL53L0X_RdByte), (8 bytes).
    Removing vl53l0x_platform.o(.ARM.exidx.text.VL53L0X_RdWord), (8 bytes).
    Removing vl53l0x_platform.o(.ARM.exidx.text.VL53L0X_RdDWord), (8 bytes).
    Removing timing.o(.text), (0 bytes).
    Removing timing.o(.ARM.exidx.text.delay_ms), (8 bytes).
    Removing timing.o(.ARM.exidx.text.SysTick_Handler), (8 bytes).
    Removing timing.o(.ARM.exidx.text.SysTick_Init), (8 bytes).
    Removing timing.o(.ARM.exidx.text.get_millis), (8 bytes).
    Removing vl53l0x.o(.text), (0 bytes).
    Removing vl53l0x.o(.ARM.exidx.text.VL53L0X_Init), (8 bytes).
    Removing vl53l0x.o(.ARM.exidx.text.VL53L0X_GetDistance_mm), (8 bytes).
    Removing stepper.o(.text), (0 bytes).
    Removing stepper.o(.text.TB6612FNG_Stepper_Init), (40 bytes).
    Removing stepper.o(.ARM.exidx.text.TB6612FNG_Stepper_Init), (8 bytes).
    Removing stepper.o(.text.TB6612FNG_Stepper_Step), (92 bytes).
    Removing stepper.o(.ARM.exidx.text.TB6612FNG_Stepper_Step), (8 bytes).
    Removing stepper.o(.ARM.exidx.text.ULN2003_Stepper_Init), (8 bytes).
    Removing stepper.o(.ARM.exidx.text.ULN2003_Stepper_Step), (8 bytes).
    Removing system_stm32f4xx.o(.text), (0 bytes).
    Removing system_stm32f4xx.o(.ARM.exidx.text.SystemInit), (8 bytes).
    Removing system_stm32f4xx.o(.text.SystemCoreClockUpdate), (134 bytes).
    Removing system_stm32f4xx.o(.ARM.exidx.text.SystemCoreClockUpdate), (8 bytes).
    Removing system_stm32f4xx.o(.rodata.AHBPrescTable), (16 bytes).
    Removing system_stm32f4xx.o(.rodata.APBPrescTable), (8 bytes).

380 unused section(s) (total 11657 bytes) removed from the image.

==============================================================================

Image Symbol Table

    Local Symbols

    Symbol Name                              Value     Ov Type        Size  Object(Section)

    ../clib/angel/boardlib.s                 0x00000000   Number         0  boardinit1.o ABSOLUTE
    ../clib/angel/boardlib.s                 0x00000000   Number         0  boardinit2.o ABSOLUTE
    ../clib/angel/boardlib.s                 0x00000000   Number         0  boardinit3.o ABSOLUTE
    ../clib/angel/boardlib.s                 0x00000000   Number         0  boardshut.o ABSOLUTE
    ../clib/angel/handlers.s                 0x00000000   Number         0  __scatter_copy.o ABSOLUTE
    ../clib/angel/handlers.s                 0x00000000   Number         0  __scatter_zi.o ABSOLUTE
    ../clib/angel/kernel.s                   0x00000000   Number         0  __rtentry.o ABSOLUTE
    ../clib/angel/kernel.s                   0x00000000   Number         0  __rtentry2.o ABSOLUTE
    ../clib/angel/kernel.s                   0x00000000   Number         0  __rtentry4.o ABSOLUTE
    ../clib/angel/kernel.s                   0x00000000   Number         0  rtexit.o ABSOLUTE
    ../clib/angel/kernel.s                   0x00000000   Number         0  rtexit2.o ABSOLUTE
    ../clib/angel/rt.s                       0x00000000   Number         0  rt_raise.o ABSOLUTE
    ../clib/angel/scatter.s                  0x00000000   Number         0  __scatter.o ABSOLUTE
    ../clib/angel/startup.s                  0x00000000   Number         0  __main.o ABSOLUTE
    ../clib/angel/sys.s                      0x00000000   Number         0  sys_stackheap_outer.o ABSOLUTE
    ../clib/angel/sys.s                      0x00000000   Number         0  libspace.o ABSOLUTE
    ../clib/angel/sys.s                      0x00000000   Number         0  use_no_semi.o ABSOLUTE
    ../clib/angel/sys.s                      0x00000000   Number         0  indicate_semi.o ABSOLUTE
    ../clib/angel/sysapp.c                   0x00000000   Number         0  sys_exit.o ABSOLUTE
    ../clib/angel/sysapp.c                   0x00000000   Number         0  sys_exit_hlt.o ABSOLUTE
    ../clib/angel/sysapp.c                   0x00000000   Number         0  sys_command.o ABSOLUTE
    ../clib/angel/sysapp.c                   0x00000000   Number         0  sys_command_hlt.o ABSOLUTE
    ../clib/angel/sysapp.c                   0x00000000   Number         0  sys_wrch.o ABSOLUTE
    ../clib/angel/sysapp.c                   0x00000000   Number         0  sys_wrch_hlt.o ABSOLUTE
    ../clib/armsys.c                         0x00000000   Number         0  argv_veneer.o ABSOLUTE
    ../clib/armsys.c                         0x00000000   Number         0  argv_veneer.o ABSOLUTE
    ../clib/armsys.c                         0x00000000   Number         0  _get_argv_nomalloc.o ABSOLUTE
    ../clib/armsys.c                         0x00000000   Number         0  no_argv.o ABSOLUTE
    ../clib/heapalloc.c                      0x00000000   Number         0  hrguard.o ABSOLUTE
    ../clib/heapaux.c                        0x00000000   Number         0  heapauxi.o ABSOLUTE
    ../clib/libinit.s                        0x00000000   Number         0  libinit.o ABSOLUTE
    ../clib/libinit.s                        0x00000000   Number         0  libinit2.o ABSOLUTE
    ../clib/libinit.s                        0x00000000   Number         0  libshutdown.o ABSOLUTE
    ../clib/libinit.s                        0x00000000   Number         0  libshutdown2.o ABSOLUTE
    ../clib/memcpset.s                       0x00000000   Number         0  rt_memcpy_v6.o ABSOLUTE
    ../clib/memcpset.s                       0x00000000   Number         0  rt_memcpy_w.o ABSOLUTE
    ../clib/memcpset.s                       0x00000000   Number         0  rt_memclr_w.o ABSOLUTE
    ../clib/signal.c                         0x00000000   Number         0  defsig_rtmem_outer.o ABSOLUTE
    ../clib/signal.c                         0x00000000   Number         0  defsig_rtmem_formal.o ABSOLUTE
    ../clib/signal.c                         0x00000000   Number         0  defsig_exit.o ABSOLUTE
    ../clib/signal.c                         0x00000000   Number         0  defsig_rtmem_inner.o ABSOLUTE
    ../clib/signal.c                         0x00000000   Number         0  __raise.o ABSOLUTE
    ../clib/signal.c                         0x00000000   Number         0  defsig_general.o ABSOLUTE
    ../clib/signal.c                         0x00000000   Number         0  defsig_abrt_inner.o ABSOLUTE
    ../clib/signal.c                         0x00000000   Number         0  defsig_fpe_inner.o ABSOLUTE
    ../clib/signal.c                         0x00000000   Number         0  defsig_rtred_inner.o ABSOLUTE
    ../clib/signal.c                         0x00000000   Number         0  defsig_stak_inner.o ABSOLUTE
    ../clib/signal.c                         0x00000000   Number         0  defsig_pvfn_inner.o ABSOLUTE
    ../clib/signal.c                         0x00000000   Number         0  defsig_cppl_inner.o ABSOLUTE
    ../clib/signal.c                         0x00000000   Number         0  defsig_segv_inner.o ABSOLUTE
    ../clib/signal.c                         0x00000000   Number         0  defsig_other.o ABSOLUTE
    ../clib/signal.s                         0x00000000   Number         0  defsig.o ABSOLUTE
    ../clib/stdlib.c                         0x00000000   Number         0  exit.o ABSOLUTE
    ../clib/string.c                         0x00000000   Number         0  strcpy.o ABSOLUTE
    ../fplib/fpinit.s                        0x00000000   Number         0  fpinit.o ABSOLUTE
    RTE/Device/STM32F401CCUx/startup_stm32f401xc.s 0x00000000   Number         0  startup_stm32f401xc.o ABSOLUTE
    VL53L0X.c                                0x00000000   Number         0  vl53l0x.o ABSOLUTE
    dc.s                                     0x00000000   Number         0  dc.o ABSOLUTE
    gpio.c                                   0x00000000   Number         0  gpio.o ABSOLUTE
    i2c.c                                    0x00000000   Number         0  i2c.o ABSOLUTE
    main.c                                   0x00000000   Number         0  main.o ABSOLUTE
    stepper.c                                0x00000000   Number         0  stepper.o ABSOLUTE
    system_stm32f4xx.c                       0x00000000   Number         0  system_stm32f4xx.o ABSOLUTE
    timing.c                                 0x00000000   Number         0  timing.o ABSOLUTE
    uart.c                                   0x00000000   Number         0  uart.o ABSOLUTE
    vl53l0x_api.c                            0x00000000   Number         0  vl53l0x_api.o ABSOLUTE
    vl53l0x_api_calibration.c                0x00000000   Number         0  vl53l0x_api_calibration.o ABSOLUTE
    vl53l0x_api_core.c                       0x00000000   Number         0  vl53l0x_api_core.o ABSOLUTE
    vl53l0x_api_ranging.c                    0x00000000   Number         0  vl53l0x_api_ranging.o ABSOLUTE
    vl53l0x_api_strings.c                    0x00000000   Number         0  vl53l0x_api_strings.o ABSOLUTE
    vl53l0x_i2c_platform.c                   0x00000000   Number         0  vl53l0x_i2c_platform.o ABSOLUTE
    vl53l0x_platform.c                       0x00000000   Number         0  vl53l0x_platform.o ABSOLUTE
    RESET                                    0x08000000   Section      404  startup_stm32f401xc.o(RESET)
    !!!main                                  0x08000194   Section        8  __main.o(!!!main)
    !!!scatter                               0x0800019c   Section       92  __scatter.o(!!!scatter)
    !!handler_copy                           0x080001f8   Section       26  __scatter_copy.o(!!handler_copy)
    !!handler_null                           0x08000214   Section        2  __scatter.o(!!handler_null)
    !!handler_zi                             0x08000218   Section       28  __scatter_zi.o(!!handler_zi)
    .ARM.Collect$$libinit$$00000000          0x08000234   Section        2  libinit.o(.ARM.Collect$$libinit$$00000000)
    .ARM.Collect$$libinit$$00000001          0x08000236   Section        4  libinit2.o(.ARM.Collect$$libinit$$00000001)
    .ARM.Collect$$libinit$$00000004          0x0800023a   Section        0  libinit2.o(.ARM.Collect$$libinit$$00000004)
    .ARM.Collect$$libinit$$00000006          0x0800023a   Section        0  libinit2.o(.ARM.Collect$$libinit$$00000006)
    .ARM.Collect$$libinit$$0000000C          0x0800023a   Section        0  libinit2.o(.ARM.Collect$$libinit$$0000000C)
    .ARM.Collect$$libinit$$0000000E          0x0800023a   Section        0  libinit2.o(.ARM.Collect$$libinit$$0000000E)
    .ARM.Collect$$libinit$$00000010          0x0800023a   Section        0  libinit2.o(.ARM.Collect$$libinit$$00000010)
    .ARM.Collect$$libinit$$00000013          0x0800023a   Section        0  libinit2.o(.ARM.Collect$$libinit$$00000013)
    .ARM.Collect$$libinit$$00000015          0x0800023a   Section        0  libinit2.o(.ARM.Collect$$libinit$$00000015)
    .ARM.Collect$$libinit$$00000017          0x0800023a   Section        0  libinit2.o(.ARM.Collect$$libinit$$00000017)
    .ARM.Collect$$libinit$$00000019          0x0800023a   Section        0  libinit2.o(.ARM.Collect$$libinit$$00000019)
    .ARM.Collect$$libinit$$0000001B          0x0800023a   Section        0  libinit2.o(.ARM.Collect$$libinit$$0000001B)
    .ARM.Collect$$libinit$$0000001D          0x0800023a   Section        0  libinit2.o(.ARM.Collect$$libinit$$0000001D)
    .ARM.Collect$$libinit$$0000001F          0x0800023a   Section        0  libinit2.o(.ARM.Collect$$libinit$$0000001F)
    .ARM.Collect$$libinit$$00000021          0x0800023a   Section        0  libinit2.o(.ARM.Collect$$libinit$$00000021)
    .ARM.Collect$$libinit$$00000023          0x0800023a   Section        0  libinit2.o(.ARM.Collect$$libinit$$00000023)
    .ARM.Collect$$libinit$$00000025          0x0800023a   Section        0  libinit2.o(.ARM.Collect$$libinit$$00000025)
    .ARM.Collect$$libinit$$00000027          0x0800023a   Section        0  libinit2.o(.ARM.Collect$$libinit$$00000027)
    .ARM.Collect$$libinit$$0000002E          0x0800023a   Section        0  libinit2.o(.ARM.Collect$$libinit$$0000002E)
    .ARM.Collect$$libinit$$00000030          0x0800023a   Section        0  libinit2.o(.ARM.Collect$$libinit$$00000030)
    .ARM.Collect$$libinit$$00000032          0x0800023a   Section        0  libinit2.o(.ARM.Collect$$libinit$$00000032)
    .ARM.Collect$$libinit$$00000034          0x0800023a   Section        0  libinit2.o(.ARM.Collect$$libinit$$00000034)
    .ARM.Collect$$libinit$$00000035          0x0800023a   Section        2  libinit2.o(.ARM.Collect$$libinit$$00000035)
    .ARM.Collect$$libshutdown$$00000000      0x0800023c   Section        2  libshutdown.o(.ARM.Collect$$libshutdown$$00000000)
    .ARM.Collect$$libshutdown$$00000002      0x0800023e   Section        0  libshutdown2.o(.ARM.Collect$$libshutdown$$00000002)
    .ARM.Collect$$libshutdown$$00000004      0x0800023e   Section        0  libshutdown2.o(.ARM.Collect$$libshutdown$$00000004)
    .ARM.Collect$$libshutdown$$00000007      0x0800023e   Section        0  libshutdown2.o(.ARM.Collect$$libshutdown$$00000007)
    .ARM.Collect$$libshutdown$$0000000A      0x0800023e   Section        0  libshutdown2.o(.ARM.Collect$$libshutdown$$0000000A)
    .ARM.Collect$$libshutdown$$0000000C      0x0800023e   Section        0  libshutdown2.o(.ARM.Collect$$libshutdown$$0000000C)
    .ARM.Collect$$libshutdown$$0000000F      0x0800023e   Section        0  libshutdown2.o(.ARM.Collect$$libshutdown$$0000000F)
    .ARM.Collect$$libshutdown$$00000010      0x0800023e   Section        2  libshutdown2.o(.ARM.Collect$$libshutdown$$00000010)
    .ARM.Collect$$rtentry$$00000000          0x08000240   Section        0  __rtentry.o(.ARM.Collect$$rtentry$$00000000)
    .ARM.Collect$$rtentry$$00000002          0x08000240   Section        0  __rtentry2.o(.ARM.Collect$$rtentry$$00000002)
    .ARM.Collect$$rtentry$$00000004          0x08000240   Section        6  __rtentry4.o(.ARM.Collect$$rtentry$$00000004)
    .ARM.Collect$$rtentry$$00000009          0x08000246   Section        0  __rtentry2.o(.ARM.Collect$$rtentry$$00000009)
    .ARM.Collect$$rtentry$$0000000A          0x08000246   Section        4  __rtentry2.o(.ARM.Collect$$rtentry$$0000000A)
    .ARM.Collect$$rtentry$$0000000C          0x0800024a   Section        0  __rtentry2.o(.ARM.Collect$$rtentry$$0000000C)
    .ARM.Collect$$rtentry$$0000000D          0x0800024a   Section        8  __rtentry2.o(.ARM.Collect$$rtentry$$0000000D)
    .ARM.Collect$$rtexit$$00000000           0x08000252   Section        2  rtexit.o(.ARM.Collect$$rtexit$$00000000)
    .ARM.Collect$$rtexit$$00000002           0x08000254   Section        0  rtexit2.o(.ARM.Collect$$rtexit$$00000002)
    .ARM.Collect$$rtexit$$00000003           0x08000254   Section        4  rtexit2.o(.ARM.Collect$$rtexit$$00000003)
    .ARM.Collect$$rtexit$$00000004           0x08000258   Section        6  rtexit2.o(.ARM.Collect$$rtexit$$00000004)
    $v0                                      0x08000260   Number         0  startup_stm32f401xc.o(.text)
    .text                                    0x08000260   Section       64  startup_stm32f401xc.o(.text)
    .text                                    0x080002a0   Section        0  strcpy.o(.text)
    .text                                    0x080002e8   Section      138  rt_memcpy_v6.o(.text)
    .text                                    0x08000372   Section      100  rt_memcpy_w.o(.text)
    .text                                    0x080003d6   Section       78  rt_memclr_w.o(.text)
    .text                                    0x08000424   Section        0  heapauxi.o(.text)
    .text                                    0x0800042a   Section       74  sys_stackheap_outer.o(.text)
    .text                                    0x08000474   Section        0  exit.o(.text)
    .text                                    0x08000488   Section        8  libspace.o(.text)
    .text                                    0x08000490   Section        0  sys_exit.o(.text)
    .text                                    0x0800049c   Section        2  use_no_semi.o(.text)
    .text                                    0x0800049e   Section        0  indicate_semi.o(.text)
    [Anonymous Symbol]                       0x080004a0   Section        0  i2c.o(.text.I2C1_Init)
    [Anonymous Symbol]                       0x08000530   Section        0  i2c.o(.text.I2C1_ReadBurst)
    [Anonymous Symbol]                       0x0800073c   Section        0  i2c.o(.text.I2C1_RecoverBus)
    [Anonymous Symbol]                       0x08000868   Section        0  i2c.o(.text.I2C1_WriteBurst)
    [Anonymous Symbol]                       0x08000a30   Section        0  timing.o(.text.SysTick_Handler)
    [Anonymous Symbol]                       0x08000a40   Section        0  timing.o(.text.SysTick_Init)
    [Anonymous Symbol]                       0x08000a88   Section        0  system_stm32f4xx.o(.text.SystemInit)
    [Anonymous Symbol]                       0x08000a9c   Section        0  main.o(.text.TIM2_IRQHandler)
    [Anonymous Symbol]                       0x08000af8   Section        0  uart.o(.text.UART2_Init)
    [Anonymous Symbol]                       0x08000b80   Section        0  uart.o(.text.UART2_WriteString)
    [Anonymous Symbol]                       0x08000ba4   Section        0  stepper.o(.text.ULN2003_Stepper_Init)
    [Anonymous Symbol]                       0x08000bcc   Section        0  stepper.o(.text.ULN2003_Stepper_Step)
    [Anonymous Symbol]                       0x08000c24   Section        0  vl53l0x_api.o(.text.VL53L0X_CheckAndLoadInterruptSettings)
    [Anonymous Symbol]                       0x08000cfc   Section        0  vl53l0x_api.o(.text.VL53L0X_ClearInterruptMask)
    [Anonymous Symbol]                       0x08000d50   Section        0  vl53l0x_api.o(.text.VL53L0X_DataInit)
    [Anonymous Symbol]                       0x08000fc0   Section        0  vl53l0x_api.o(.text.VL53L0X_GetDeviceParameters)
    [Anonymous Symbol]                       0x080010cc   Section        0  vl53l0x.o(.text.VL53L0X_GetDistance_mm)
    [Anonymous Symbol]                       0x0800113c   Section        0  vl53l0x_api.o(.text.VL53L0X_GetLimitCheckEnable)
    [Anonymous Symbol]                       0x08001154   Section        0  vl53l0x_api.o(.text.VL53L0X_GetLimitCheckValue)
    [Anonymous Symbol]                       0x080011d8   Section        0  vl53l0x_api.o(.text.VL53L0X_GetMeasurementDataReady)
    [Anonymous Symbol]                       0x0800122c   Section        0  vl53l0x_api.o(.text.VL53L0X_GetRangingMeasurementData)
    [Anonymous Symbol]                       0x0800133c   Section        0  vl53l0x_api.o(.text.VL53L0X_GetSequenceStepEnables)
    [Anonymous Symbol]                       0x080013b0   Section        0  vl53l0x_api.o(.text.VL53L0X_GetVcselPulsePeriod)
    [Anonymous Symbol]                       0x080013b4   Section        0  vl53l0x_api.o(.text.VL53L0X_GetXTalkCompensationEnable)
    [Anonymous Symbol]                       0x080013bc   Section        0  vl53l0x.o(.text.VL53L0X_Init)
    [Anonymous Symbol]                       0x08001438   Section        0  vl53l0x_api.o(.text.VL53L0X_PerformRefCalibration)
    [Anonymous Symbol]                       0x08001440   Section        0  vl53l0x_api.o(.text.VL53L0X_PerformRefSpadManagement)
    [Anonymous Symbol]                       0x08001444   Section        0  vl53l0x_api.o(.text.VL53L0X_PerformSingleRangingMeasurement)
    [Anonymous Symbol]                       0x080014c8   Section        0  vl53l0x_i2c_platform.o(.text.VL53L0X_PollingDelay)
    [Anonymous Symbol]                       0x080014e0   Section        0  vl53l0x_platform.o(.text.VL53L0X_RdByte)
    [Anonymous Symbol]                       0x080014f4   Section        0  vl53l0x_platform.o(.text.VL53L0X_RdDWord)
    [Anonymous Symbol]                       0x08001508   Section        0  vl53l0x_platform.o(.text.VL53L0X_RdWord)
    [Anonymous Symbol]                       0x0800151c   Section        0  vl53l0x_platform.o(.text.VL53L0X_ReadMulti)
    [Anonymous Symbol]                       0x0800153c   Section        0  vl53l0x_api.o(.text.VL53L0X_SetDeviceMode)
    [Anonymous Symbol]                       0x08001560   Section        0  vl53l0x_api.o(.text.VL53L0X_SetGpioConfig)
    [Anonymous Symbol]                       0x080016f0   Section        0  vl53l0x_api.o(.text.VL53L0X_SetLimitCheckEnable)
    [Anonymous Symbol]                       0x08001788   Section        0  vl53l0x_api.o(.text.VL53L0X_SetLimitCheckValue)
    [Anonymous Symbol]                       0x080017f8   Section        0  vl53l0x_api.o(.text.VL53L0X_SetMeasurementTimingBudgetMicroSeconds)
    [Anonymous Symbol]                       0x080017fc   Section        0  vl53l0x_api.o(.text.VL53L0X_SetVcselPulsePeriod)
    [Anonymous Symbol]                       0x08001800   Section        0  vl53l0x_api.o(.text.VL53L0X_StartMeasurement)
    [Anonymous Symbol]                       0x080018f4   Section        0  vl53l0x_api.o(.text.VL53L0X_StaticInit)
    [Anonymous Symbol]                       0x08001b0c   Section        0  vl53l0x_platform.o(.text.VL53L0X_UpdateByte)
    [Anonymous Symbol]                       0x08001b58   Section        0  vl53l0x_platform.o(.text.VL53L0X_WrByte)
    [Anonymous Symbol]                       0x08001b6c   Section        0  vl53l0x_platform.o(.text.VL53L0X_WrWord)
    [Anonymous Symbol]                       0x08001b80   Section        0  vl53l0x_platform.o(.text.VL53L0X_WriteMulti)
    [Anonymous Symbol]                       0x08001ba0   Section        0  vl53l0x_api_core.o(.text.VL53L0X_calc_dmax)
    [Anonymous Symbol]                       0x08001c60   Section        0  vl53l0x_api_core.o(.text.VL53L0X_calc_sigma_estimate)
    [Anonymous Symbol]                       0x08001f8c   Section        0  vl53l0x_api_core.o(.text.VL53L0X_get_info_from_device)
    [Anonymous Symbol]                       0x080029b4   Section        0  vl53l0x_api_core.o(.text.VL53L0X_get_measurement_timing_budget_micro_seconds)
    [Anonymous Symbol]                       0x08002b24   Section        0  vl53l0x_api_calibration.o(.text.VL53L0X_get_offset_calibration_data_micro_meter)
    [Anonymous Symbol]                       0x08002b68   Section        0  vl53l0x_api_core.o(.text.VL53L0X_get_pal_range_status)
    [Anonymous Symbol]                       0x08002d78   Section        0  vl53l0x_api_core.o(.text.VL53L0X_get_vcsel_pulse_period)
    [Anonymous Symbol]                       0x08002db0   Section        0  vl53l0x_api_core.o(.text.VL53L0X_load_tuning_settings)
    [Anonymous Symbol]                       0x08002e70   Section        0  vl53l0x_api_core.o(.text.VL53L0X_measurement_poll_for_completion)
    [Anonymous Symbol]                       0x08002ec0   Section        0  vl53l0x_api_calibration.o(.text.VL53L0X_perform_phase_calibration)
    [Anonymous Symbol]                       0x08002fb0   Section        0  vl53l0x_api_calibration.o(.text.VL53L0X_perform_ref_calibration)
    [Anonymous Symbol]                       0x08002ff4   Section        0  vl53l0x_api_calibration.o(.text.VL53L0X_perform_ref_spad_management)
    [Anonymous Symbol]                       0x080033bc   Section        0  vl53l0x_api_calibration.o(.text.VL53L0X_perform_vhv_calibration)
    [Anonymous Symbol]                       0x080034a0   Section        0  vl53l0x_i2c_platform.o(.text.VL53L0X_read_byte)
    [Anonymous Symbol]                       0x080034b0   Section        0  vl53l0x_i2c_platform.o(.text.VL53L0X_read_dword)
    [Anonymous Symbol]                       0x080034cc   Section        0  vl53l0x_i2c_platform.o(.text.VL53L0X_read_multi)
    [Anonymous Symbol]                       0x080034dc   Section        0  vl53l0x_i2c_platform.o(.text.VL53L0X_read_word)
    [Anonymous Symbol]                       0x08003500   Section        0  vl53l0x_api_core.o(.text.VL53L0X_set_measurement_timing_budget_micro_seconds)
    [Anonymous Symbol]                       0x08003678   Section        0  vl53l0x_api_calibration.o(.text.VL53L0X_set_reference_spads)
    [Anonymous Symbol]                       0x08003724   Section        0  vl53l0x_api_core.o(.text.VL53L0X_set_vcsel_pulse_period)
    [Anonymous Symbol]                       0x08003b04   Section        0  vl53l0x_i2c_platform.o(.text.VL53L0X_write_byte)
    [Anonymous Symbol]                       0x08003b20   Section        0  vl53l0x_i2c_platform.o(.text.VL53L0X_write_multi)
    [Anonymous Symbol]                       0x08003b30   Section        0  vl53l0x_i2c_platform.o(.text.VL53L0X_write_word)
    [Anonymous Symbol]                       0x08003b4c   Section        0  timing.o(.text.delay_ms)
    [Anonymous Symbol]                       0x08003bac   Section        0  gpio.o(.text.digitalWrite)
    [Anonymous Symbol]                       0x08003c04   Section        0  vl53l0x_api_calibration.o(.text.enable_ref_spads)
    [Anonymous Symbol]                       0x08003d48   Section        0  timing.o(.text.get_millis)
    [Anonymous Symbol]                       0x08003d54   Section        0  vl53l0x_api_core.o(.text.get_sequence_step_timeout)
    [Anonymous Symbol]                       0x08003ec0   Section        0  main.o(.text.main)
    [Anonymous Symbol]                       0x0800404c   Section        0  vl53l0x_api_calibration.o(.text.perform_ref_signal_measurement)
    [Anonymous Symbol]                       0x080040bc   Section        0  gpio.o(.text.pinMode)
    [Anonymous Symbol]                       0x08004204   Section        0  vl53l0x_api_core.o(.text.set_sequence_step_timeout)
    [Anonymous Symbol]                       0x080043d8   Section        0  uart.o(.text.uart_format)
    wait_set                                 0x080044b1   Thumb Code    44  i2c.o(.text.wait_set)
    [Anonymous Symbol]                       0x080044b0   Section        0  i2c.o(.text.wait_set)
    $v0                                      0x080044dc   Number         0  fpinit.o(x$fpl$fpinit)
    x$fpl$fpinit                             0x080044dc   Section       26  fpinit.o(x$fpl$fpinit)
    .bss                                     0x200002c8   Section       96  libspace.o(.bss)
    Heap_Mem                                 0x200004f8   Data         512  startup_stm32f401xc.o(HEAP)
    HEAP                                     0x200004f8   Section      512  startup_stm32f401xc.o(HEAP)
    Stack_Mem                                0x200006f8   Data        1024  startup_stm32f401xc.o(STACK)
    STACK                                    0x200006f8   Section     1024  startup_stm32f401xc.o(STACK)
    __initial_sp                             0x20000af8   Data           0  startup_stm32f401xc.o(STACK)

    Global Symbols

    Symbol Name                              Value     Ov Type        Size  Object(Section)

    BuildAttributes$$THM_ISAv4$E$P$D$K$B$S$7EM$VFPi3$EXTD16$VFPS$VFMA$PE$A:L22UL41UL21$X:L11$S22US41US21$IEEE1$IW$~IW$USESV6$~STKCKD$USESV7$~SHL$OTIME$ROPI$EBA8$UX$STANDARDLIB$REQ8$PRES8$EABIv2 0x00000000   Number         0  anon$$obj.o ABSOLUTE
    __ARM_exceptions_init                     - Undefined Weak Reference
    __alloca_initialize                       - Undefined Weak Reference
    __arm_preinit_                            - Undefined Weak Reference
    __arm_relocate_pie_                       - Undefined Weak Reference
    __cpp_initialize__aeabi_                  - Undefined Weak Reference
    __cxa_finalize                            - Undefined Weak Reference
    __decompress                              - Undefined Weak Reference
    __rt_locale                               - Undefined Weak Reference
    __sigvec_lookup                           - Undefined Weak Reference
    _atexit_init                              - Undefined Weak Reference
    _call_atexit_fns                          - Undefined Weak Reference
    _clock_init                               - Undefined Weak Reference
    _fp_trap_init                             - Undefined Weak Reference
    _fp_trap_shutdown                         - Undefined Weak Reference
    _get_lc_collate                           - Undefined Weak Reference
    _get_lc_ctype                             - Undefined Weak Reference
    _get_lc_monetary                          - Undefined Weak Reference
    _get_lc_numeric                           - Undefined Weak Reference
    _get_lc_time                              - Undefined Weak Reference
    _getenv_init                              - Undefined Weak Reference
    _handle_redirection                       - Undefined Weak Reference
    _init_alloc                               - Undefined Weak Reference
    _init_user_alloc                          - Undefined Weak Reference
    _initio                                   - Undefined Weak Reference
    _rand_init                                - Undefined Weak Reference
    _signal_finish                            - Undefined Weak Reference
    _signal_init                              - Undefined Weak Reference
    _terminate_alloc                          - Undefined Weak Reference
    _terminate_user_alloc                     - Undefined Weak Reference
    _terminateio                              - Undefined Weak Reference
    __Vectors_Size                           0x00000194   Number         0  startup_stm32f401xc.o ABSOLUTE
    __Vectors                                0x08000000   Data           4  startup_stm32f401xc.o(RESET)
    __Vectors_End                            0x08000194   Data           0  startup_stm32f401xc.o(RESET)
    __main                                   0x08000195   Thumb Code     8  __main.o(!!!main)
    __scatterload                            0x0800019d   Thumb Code     0  __scatter.o(!!!scatter)
    __scatterload_rt2                        0x0800019d   Thumb Code    84  __scatter.o(!!!scatter)
    __scatterload_rt2_thumb_only             0x0800019d   Thumb Code     0  __scatter.o(!!!scatter)
    __scatterload_loop                       0x080001a7   Thumb Code     0  __scatter.o(!!!scatter)
    __scatterload_copy                       0x080001f9   Thumb Code    26  __scatter_copy.o(!!handler_copy)
    __scatterload_null                       0x08000215   Thumb Code     2  __scatter.o(!!handler_null)
    __scatterload_zeroinit                   0x08000219   Thumb Code    28  __scatter_zi.o(!!handler_zi)
    __rt_lib_init                            0x08000235   Thumb Code     0  libinit.o(.ARM.Collect$$libinit$$00000000)
    __rt_lib_init_fp_1                       0x08000237   Thumb Code     0  libinit2.o(.ARM.Collect$$libinit$$00000001)
    __rt_lib_init_alloca_1                   0x0800023b   Thumb Code     0  libinit2.o(.ARM.Collect$$libinit$$00000030)
    __rt_lib_init_argv_1                     0x0800023b   Thumb Code     0  libinit2.o(.ARM.Collect$$libinit$$0000002E)
    __rt_lib_init_atexit_1                   0x0800023b   Thumb Code     0  libinit2.o(.ARM.Collect$$libinit$$0000001D)
    __rt_lib_init_clock_1                    0x0800023b   Thumb Code     0  libinit2.o(.ARM.Collect$$libinit$$00000023)
    __rt_lib_init_cpp_1                      0x0800023b   Thumb Code     0  libinit2.o(.ARM.Collect$$libinit$$00000034)
    __rt_lib_init_exceptions_1               0x0800023b   Thumb Code     0  libinit2.o(.ARM.Collect$$libinit$$00000032)
    __rt_lib_init_fp_trap_1                  0x0800023b   Thumb Code     0  libinit2.o(.ARM.Collect$$libinit$$00000021)
    __rt_lib_init_getenv_1                   0x0800023b   Thumb Code     0  libinit2.o(.ARM.Collect$$libinit$$00000025)
    __rt_lib_init_heap_1                     0x0800023b   Thumb Code     0  libinit2.o(.ARM.Collect$$libinit$$0000000C)
    __rt_lib_init_lc_collate_1               0x0800023b   Thumb Code     0  libinit2.o(.ARM.Collect$$libinit$$00000013)
    __rt_lib_init_lc_ctype_1                 0x0800023b   Thumb Code     0  libinit2.o(.ARM.Collect$$libinit$$00000015)
    __rt_lib_init_lc_monetary_1              0x0800023b   Thumb Code     0  libinit2.o(.ARM.Collect$$libinit$$00000017)
    __rt_lib_init_lc_numeric_1               0x0800023b   Thumb Code     0  libinit2.o(.ARM.Collect$$libinit$$00000019)
    __rt_lib_init_lc_time_1                  0x0800023b   Thumb Code     0  libinit2.o(.ARM.Collect$$libinit$$0000001B)
    __rt_lib_init_preinit_1                  0x0800023b   Thumb Code     0  libinit2.o(.ARM.Collect$$libinit$$00000006)
    __rt_lib_init_rand_1                     0x0800023b   Thumb Code     0  libinit2.o(.ARM.Collect$$libinit$$00000010)
    __rt_lib_init_relocate_pie_1             0x0800023b   Thumb Code     0  libinit2.o(.ARM.Collect$$libinit$$00000004)
    __rt_lib_init_return                     0x0800023b   Thumb Code     0  libinit2.o(.ARM.Collect$$libinit$$00000035)
    __rt_lib_init_signal_1                   0x0800023b   Thumb Code     0  libinit2.o(.ARM.Collect$$libinit$$0000001F)
    __rt_lib_init_stdio_1                    0x0800023b   Thumb Code     0  libinit2.o(.ARM.Collect$$libinit$$00000027)
    __rt_lib_init_user_alloc_1               0x0800023b   Thumb Code     0  libinit2.o(.ARM.Collect$$libinit$$0000000E)
    __rt_lib_shutdown                        0x0800023d   Thumb Code     0  libshutdown.o(.ARM.Collect$$libshutdown$$00000000)
    __rt_lib_shutdown_cpp_1                  0x0800023f   Thumb Code     0  libshutdown2.o(.ARM.Collect$$libshutdown$$00000002)
    __rt_lib_shutdown_fp_trap_1              0x0800023f   Thumb Code     0  libshutdown2.o(.ARM.Collect$$libshutdown$$00000007)
    __rt_lib_shutdown_heap_1                 0x0800023f   Thumb Code     0  libshutdown2.o(.ARM.Collect$$libshutdown$$0000000F)
    __rt_lib_shutdown_return                 0x0800023f   Thumb Code     0  libshutdown2.o(.ARM.Collect$$libshutdown$$00000010)
    __rt_lib_shutdown_signal_1               0x0800023f   Thumb Code     0  libshutdown2.o(.ARM.Collect$$libshutdown$$0000000A)
    __rt_lib_shutdown_stdio_1                0x0800023f   Thumb Code     0  libshutdown2.o(.ARM.Collect$$libshutdown$$00000004)
    __rt_lib_shutdown_user_alloc_1           0x0800023f   Thumb Code     0  libshutdown2.o(.ARM.Collect$$libshutdown$$0000000C)
    __rt_entry                               0x08000241   Thumb Code     0  __rtentry.o(.ARM.Collect$$rtentry$$00000000)
    __rt_entry_presh_1                       0x08000241   Thumb Code     0  __rtentry2.o(.ARM.Collect$$rtentry$$00000002)
    __rt_entry_sh                            0x08000241   Thumb Code     0  __rtentry4.o(.ARM.Collect$$rtentry$$00000004)
    __rt_entry_li                            0x08000247   Thumb Code     0  __rtentry2.o(.ARM.Collect$$rtentry$$0000000A)
    __rt_entry_postsh_1                      0x08000247   Thumb Code     0  __rtentry2.o(.ARM.Collect$$rtentry$$00000009)
    __rt_entry_main                          0x0800024b   Thumb Code     0  __rtentry2.o(.ARM.Collect$$rtentry$$0000000D)
    __rt_entry_postli_1                      0x0800024b   Thumb Code     0  __rtentry2.o(.ARM.Collect$$rtentry$$0000000C)
    __rt_exit                                0x08000253   Thumb Code     0  rtexit.o(.ARM.Collect$$rtexit$$00000000)
    __rt_exit_ls                             0x08000255   Thumb Code     0  rtexit2.o(.ARM.Collect$$rtexit$$00000003)
    __rt_exit_prels_1                        0x08000255   Thumb Code     0  rtexit2.o(.ARM.Collect$$rtexit$$00000002)
    __rt_exit_exit                           0x08000259   Thumb Code     0  rtexit2.o(.ARM.Collect$$rtexit$$00000004)
    Reset_Handler                            0x08000261   Thumb Code     8  startup_stm32f401xc.o(.text)
    NMI_Handler                              0x08000269   Thumb Code     2  startup_stm32f401xc.o(.text)
    HardFault_Handler                        0x0800026b   Thumb Code     2  startup_stm32f401xc.o(.text)
    MemManage_Handler                        0x0800026d   Thumb Code     2  startup_stm32f401xc.o(.text)
    BusFault_Handler                         0x0800026f   Thumb Code     2  startup_stm32f401xc.o(.text)
    UsageFault_Handler                       0x08000271   Thumb Code     2  startup_stm32f401xc.o(.text)
    SVC_Handler                              0x08000273   Thumb Code     2  startup_stm32f401xc.o(.text)
    DebugMon_Handler                         0x08000275   Thumb Code     2  startup_stm32f401xc.o(.text)
    PendSV_Handler                           0x08000277   Thumb Code     2  startup_stm32f401xc.o(.text)
    ADC_IRQHandler                           0x0800027b   Thumb Code     0  startup_stm32f401xc.o(.text)
    DMA1_Stream0_IRQHandler                  0x0800027b   Thumb Code     0  startup_stm32f401xc.o(.text)
    DMA1_Stream1_IRQHandler                  0x0800027b   Thumb Code     0  startup_stm32f401xc.o(.text)
    DMA1_Stream2_IRQHandler                  0x0800027b   Thumb Code     0  startup_stm32f401xc.o(.text)
    DMA1_Stream3_IRQHandler                  0x0800027b   Thumb Code     0  startup_stm32f401xc.o(.text)
    DMA1_Stream4_IRQHandler                  0x0800027b   Thumb Code     0  startup_stm32f401xc.o(.text)
    DMA1_Stream5_IRQHandler                  0x0800027b   Thumb Code     0  startup_stm32f401xc.o(.text)
    DMA1_Stream6_IRQHandler                  0x0800027b   Thumb Code     0  startup_stm32f401xc.o(.text)
    DMA1_Stream7_IRQHandler                  0x0800027b   Thumb Code     0  startup_stm32f401xc.o(.text)
    DMA2_Stream0_IRQHandler                  0x0800027b   Thumb Code     0  startup_stm32f401xc.o(.text)
    DMA2_Stream1_IRQHandler                  0x0800027b   Thumb Code     0  startup_stm32f401xc.o(.text)
    DMA2_Stream2_IRQHandler                  0x0800027b   Thumb Code     0  startup_stm32f401xc.o(.text)
    DMA2_Stream3_IRQHandler                  0x0800027b   Thumb Code     0  startup_stm32f401xc.o(.text)
    DMA2_Stream4_IRQHandler                  0x0800027b   Thumb Code     0  startup_stm32f401xc.o(.text)
    DMA2_Stream5_IRQHandler                  0x0800027b   Thumb Code     0  startup_stm32f401xc.o(.text)
    DMA2_Stream6_IRQHandler                  0x0800027b   Thumb Code     0  startup_stm32f401xc.o(.text)
    DMA2_Stream7_IRQHandler                  0x0800027b   Thumb Code     0  startup_stm32f401xc.o(.text)
    EXTI0_IRQHandler                         0x0800027b   Thumb Code     0  startup_stm32f401xc.o(.text)
    EXTI15_10_IRQHandler                     0x0800027b   Thumb Code     0  startup_stm32f401xc.o(.text)
    EXTI1_IRQHandler                         0x0800027b   Thumb Code     0  startup_stm32f401xc.o(.text)
    EXTI2_IRQHandler                         0x0800027b   Thumb Code     0  startup_stm32f401xc.o(.text)
    EXTI3_IRQHandler                         0x0800027b   Thumb Code     0  startup_stm32f401xc.o(.text)
    EXTI4_IRQHandler                         0x0800027b   Thumb Code     0  startup_stm32f401xc.o(.text)
    EXTI9_5_IRQHandler                       0x0800027b   Thumb Code     0  startup_stm32f401xc.o(.text)
    FLASH_IRQHandler                         0x0800027b   Thumb Code     0  startup_stm32f401xc.o(.text)
    FPU_IRQHandler                           0x0800027b   Thumb Code     0  startup_stm32f401xc.o(.text)
    I2C1_ER_IRQHandler                       0x0800027b   Thumb Code     0  startup_stm32f401xc.o(.text)
    I2C1_EV_IRQHandler                       0x0800027b   Thumb Code     0  startup_stm32f401xc.o(.text)
    I2C2_ER_IRQHandler                       0x0800027b   Thumb Code     0  startup_stm32f401xc.o(.text)
    I2C2_EV_IRQHandler                       0x0800027b   Thumb Code     0  startup_stm32f401xc.o(.text)
    I2C3_ER_IRQHandler                       0x0800027b   Thumb Code     0  startup_stm32f401xc.o(.text)
    I2C3_EV_IRQHandler                       0x0800027b   Thumb Code     0  startup_stm32f401xc.o(.text)
    OTG_FS_IRQHandler                        0x0800027b   Thumb Code     0  startup_stm32f401xc.o(.text)
    OTG_FS_WKUP_IRQHandler                   0x0800027b   Thumb Code     0  startup_stm32f401xc.o(.text)
    PVD_IRQHandler                           0x0800027b   Thumb Code     0  startup_stm32f401xc.o(.text)
    RCC_IRQHandler                           0x0800027b   Thumb Code     0  startup_stm32f401xc.o(.text)
    RTC_Alarm_IRQHandler                     0x0800027b   Thumb Code     0  startup_stm32f401xc.o(.text)
    RTC_WKUP_IRQHandler                      0x0800027b   Thumb Code     0  startup_stm32f401xc.o(.text)
    SDIO_IRQHandler                          0x0800027b   Thumb Code     0  startup_stm32f401xc.o(.text)
    SPI1_IRQHandler                          0x0800027b   Thumb Code     0  startup_stm32f401xc.o(.text)
    SPI2_IRQHandler                          0x0800027b   Thumb Code     0  startup_stm32f401xc.o(.text)
    SPI3_IRQHandler                          0x0800027b   Thumb Code     0  startup_stm32f401xc.o(.text)
    SPI4_IRQHandler                          0x0800027b   Thumb Code     0  startup_stm32f401xc.o(.text)
    TAMP_STAMP_IRQHandler                    0x0800027b   Thumb Code     0  startup_stm32f401xc.o(.text)
    TIM1_BRK_TIM9_IRQHandler                 0x0800027b   Thumb Code     0  startup_stm32f401xc.o(.text)
    TIM1_CC_IRQHandler                       0x0800027b   Thumb Code     0  startup_stm32f401xc.o(.text)
    TIM1_TRG_COM_TIM11_IRQHandler            0x0800027b   Thumb Code     0  startup_stm32f401xc.o(.text)
    TIM1_UP_TIM10_IRQHandler                 0x0800027b   Thumb Code     0  startup_stm32f401xc.o(.text)
    TIM3_IRQHandler                          0x0800027b   Thumb Code     0  startup_stm32f401xc.o(.text)
    TIM4_IRQHandler                          0x0800027b   Thumb Code     0  startup_stm32f401xc.o(.text)
    TIM5_IRQHandler                          0x0800027b   Thumb Code     0  startup_stm32f401xc.o(.text)
    USART1_IRQHandler                        0x0800027b   Thumb Code     0  startup_stm32f401xc.o(.text)
    USART2_IRQHandler                        0x0800027b   Thumb Code     0  startup_stm32f401xc.o(.text)
    USART6_IRQHandler                        0x0800027b   Thumb Code     0  startup_stm32f401xc.o(.text)
    WWDG_IRQHandler                          0x0800027b   Thumb Code     0  startup_stm32f401xc.o(.text)
    __user_initial_stackheap                 0x0800027d   Thumb Code     0  startup_stm32f401xc.o(.text)
    strcpy                                   0x080002a1   Thumb Code    72  strcpy.o(.text)
    __aeabi_memcpy                           0x080002e9   Thumb Code     0  rt_memcpy_v6.o(.text)
    __rt_memcpy                              0x080002e9   Thumb Code   138  rt_memcpy_v6.o(.text)
    _memcpy_lastbytes                        0x0800034f   Thumb Code     0  rt_memcpy_v6.o(.text)
    __aeabi_memcpy4                          0x08000373   Thumb Code     0  rt_memcpy_w.o(.text)
    __aeabi_memcpy8                          0x08000373   Thumb Code     0  rt_memcpy_w.o(.text)
    __rt_memcpy_w                            0x08000373   Thumb Code   100  rt_memcpy_w.o(.text)
    _memcpy_lastbytes_aligned                0x080003bb   Thumb Code     0  rt_memcpy_w.o(.text)
    __aeabi_memclr4                          0x080003d7   Thumb Code     0  rt_memclr_w.o(.text)
    __aeabi_memclr8                          0x080003d7   Thumb Code     0  rt_memclr_w.o(.text)
    __rt_memclr_w                            0x080003d7   Thumb Code     0  rt_memclr_w.o(.text)
    _memset_w                                0x080003db   Thumb Code    74  rt_memclr_w.o(.text)
    __use_two_region_memory                  0x08000425   Thumb Code     2  heapauxi.o(.text)
    __rt_heap_escrow$2region                 0x08000427   Thumb Code     2  heapauxi.o(.text)
    __rt_heap_expand$2region                 0x08000429   Thumb Code     2  heapauxi.o(.text)
    __user_setup_stackheap                   0x0800042b   Thumb Code    74  sys_stackheap_outer.o(.text)
    exit                                     0x08000475   Thumb Code    18  exit.o(.text)
    __user_libspace                          0x08000489   Thumb Code     8  libspace.o(.text)
    __user_perproc_libspace                  0x08000489   Thumb Code     0  libspace.o(.text)
    __user_perthread_libspace                0x08000489   Thumb Code     0  libspace.o(.text)
    _sys_exit                                0x08000491   Thumb Code     8  sys_exit.o(.text)
    __I$use$semihosting                      0x0800049d   Thumb Code     0  use_no_semi.o(.text)
    __use_no_semihosting_swi                 0x0800049d   Thumb Code     2  use_no_semi.o(.text)
    __semihosting_library_function           0x0800049f   Thumb Code     0  indicate_semi.o(.text)
    I2C1_Init                                0x080004a1   Thumb Code   144  i2c.o(.text.I2C1_Init)
    I2C1_ReadBurst                           0x08000531   Thumb Code   522  i2c.o(.text.I2C1_ReadBurst)
    I2C1_RecoverBus                          0x0800073d   Thumb Code   298  i2c.o(.text.I2C1_RecoverBus)
    I2C1_WriteBurst                          0x08000869   Thumb Code   454  i2c.o(.text.I2C1_WriteBurst)
    SysTick_Handler                          0x08000a31   Thumb Code    16  timing.o(.text.SysTick_Handler)
    SysTick_Init                             0x08000a41   Thumb Code    70  timing.o(.text.SysTick_Init)
    SystemInit                               0x08000a89   Thumb Code    18  system_stm32f4xx.o(.text.SystemInit)
    TIM2_IRQHandler                          0x08000a9d   Thumb Code    92  main.o(.text.TIM2_IRQHandler)
    UART2_Init                               0x08000af9   Thumb Code   134  uart.o(.text.UART2_Init)
    UART2_WriteString                        0x08000b81   Thumb Code    34  uart.o(.text.UART2_WriteString)
    ULN2003_Stepper_Init                     0x08000ba5   Thumb Code    40  stepper.o(.text.ULN2003_Stepper_Init)
    ULN2003_Stepper_Step                     0x08000bcd   Thumb Code    88  stepper.o(.text.ULN2003_Stepper_Step)
    VL53L0X_CheckAndLoadInterruptSettings    0x08000c25   Thumb Code   216  vl53l0x_api.o(.text.VL53L0X_CheckAndLoadInterruptSettings)
    VL53L0X_ClearInterruptMask               0x08000cfd   Thumb Code    82  vl53l0x_api.o(.text.VL53L0X_ClearInterruptMask)
    VL53L0X_DataInit                         0x08000d51   Thumb Code   624  vl53l0x_api.o(.text.VL53L0X_DataInit)
    VL53L0X_GetDeviceParameters              0x08000fc1   Thumb Code   268  vl53l0x_api.o(.text.VL53L0X_GetDeviceParameters)
    VL53L0X_GetDistance_mm                   0x080010cd   Thumb Code   110  vl53l0x.o(.text.VL53L0X_GetDistance_mm)
    VL53L0X_GetLimitCheckEnable              0x0800113d   Thumb Code    24  vl53l0x_api.o(.text.VL53L0X_GetLimitCheckEnable)
    VL53L0X_GetLimitCheckValue               0x08001155   Thumb Code   132  vl53l0x_api.o(.text.VL53L0X_GetLimitCheckValue)
    VL53L0X_GetMeasurementDataReady          0x080011d9   Thumb Code    82  vl53l0x_api.o(.text.VL53L0X_GetMeasurementDataReady)
    VL53L0X_GetRangingMeasurementData        0x0800122d   Thumb Code   272  vl53l0x_api.o(.text.VL53L0X_GetRangingMeasurementData)
    VL53L0X_GetSequenceStepEnables           0x0800133d   Thumb Code   114  vl53l0x_api.o(.text.VL53L0X_GetSequenceStepEnables)
    VL53L0X_GetVcselPulsePeriod              0x080013b1   Thumb Code     4  vl53l0x_api.o(.text.VL53L0X_GetVcselPulsePeriod)
    VL53L0X_GetXTalkCompensationEnable       0x080013b5   Thumb Code     8  vl53l0x_api.o(.text.VL53L0X_GetXTalkCompensationEnable)
    VL53L0X_Init                             0x080013bd   Thumb Code   124  vl53l0x.o(.text.VL53L0X_Init)
    VL53L0X_PerformRefCalibration            0x08001439   Thumb Code     6  vl53l0x_api.o(.text.VL53L0X_PerformRefCalibration)
    VL53L0X_PerformRefSpadManagement         0x08001441   Thumb Code     4  vl53l0x_api.o(.text.VL53L0X_PerformRefSpadManagement)
    VL53L0X_PerformSingleRangingMeasurement  0x08001445   Thumb Code   132  vl53l0x_api.o(.text.VL53L0X_PerformSingleRangingMeasurement)
    VL53L0X_PollingDelay                     0x080014c9   Thumb Code    22  vl53l0x_i2c_platform.o(.text.VL53L0X_PollingDelay)
    VL53L0X_RdByte                           0x080014e1   Thumb Code    20  vl53l0x_platform.o(.text.VL53L0X_RdByte)
    VL53L0X_RdDWord                          0x080014f5   Thumb Code    20  vl53l0x_platform.o(.text.VL53L0X_RdDWord)
    VL53L0X_RdWord                           0x08001509   Thumb Code    20  vl53l0x_platform.o(.text.VL53L0X_RdWord)
    VL53L0X_ReadMulti                        0x0800151d   Thumb Code    32  vl53l0x_platform.o(.text.VL53L0X_ReadMulti)
    VL53L0X_SetDeviceMode                    0x0800153d   Thumb Code    34  vl53l0x_api.o(.text.VL53L0X_SetDeviceMode)
    VL53L0X_SetGpioConfig                    0x08001561   Thumb Code   400  vl53l0x_api.o(.text.VL53L0X_SetGpioConfig)
    VL53L0X_SetLimitCheckEnable              0x080016f1   Thumb Code   152  vl53l0x_api.o(.text.VL53L0X_SetLimitCheckEnable)
    VL53L0X_SetLimitCheckValue               0x08001789   Thumb Code   110  vl53l0x_api.o(.text.VL53L0X_SetLimitCheckValue)
    VL53L0X_SetMeasurementTimingBudgetMicroSeconds 0x080017f9   Thumb Code     4  vl53l0x_api.o(.text.VL53L0X_SetMeasurementTimingBudgetMicroSeconds)
    VL53L0X_SetVcselPulsePeriod              0x080017fd   Thumb Code     4  vl53l0x_api.o(.text.VL53L0X_SetVcselPulsePeriod)
    VL53L0X_StartMeasurement                 0x08001801   Thumb Code   242  vl53l0x_api.o(.text.VL53L0X_StartMeasurement)
    VL53L0X_StaticInit                       0x080018f5   Thumb Code   536  vl53l0x_api.o(.text.VL53L0X_StaticInit)
    VL53L0X_UpdateByte                       0x08001b0d   Thumb Code    76  vl53l0x_platform.o(.text.VL53L0X_UpdateByte)
    VL53L0X_WrByte                           0x08001b59   Thumb Code    20  vl53l0x_platform.o(.text.VL53L0X_WrByte)
    VL53L0X_WrWord                           0x08001b6d   Thumb Code    20  vl53l0x_platform.o(.text.VL53L0X_WrWord)
    VL53L0X_WriteMulti                       0x08001b81   Thumb Code    32  vl53l0x_platform.o(.text.VL53L0X_WriteMulti)
    VL53L0X_calc_dmax                        0x08001ba1   Thumb Code   192  vl53l0x_api_core.o(.text.VL53L0X_calc_dmax)
    VL53L0X_calc_sigma_estimate              0x08001c61   Thumb Code   812  vl53l0x_api_core.o(.text.VL53L0X_calc_sigma_estimate)
    VL53L0X_get_info_from_device             0x08001f8d   Thumb Code  2598  vl53l0x_api_core.o(.text.VL53L0X_get_info_from_device)
    VL53L0X_get_measurement_timing_budget_micro_seconds 0x080029b5   Thumb Code   366  vl53l0x_api_core.o(.text.VL53L0X_get_measurement_timing_budget_micro_seconds)
    VL53L0X_get_offset_calibration_data_micro_meter 0x08002b25   Thumb Code    66  vl53l0x_api_calibration.o(.text.VL53L0X_get_offset_calibration_data_micro_meter)
    VL53L0X_get_pal_range_status             0x08002b69   Thumb Code   528  vl53l0x_api_core.o(.text.VL53L0X_get_pal_range_status)
    VL53L0X_get_vcsel_pulse_period           0x08002d79   Thumb Code    56  vl53l0x_api_core.o(.text.VL53L0X_get_vcsel_pulse_period)
    VL53L0X_load_tuning_settings             0x08002db1   Thumb Code   192  vl53l0x_api_core.o(.text.VL53L0X_load_tuning_settings)
    VL53L0X_measurement_poll_for_completion  0x08002e71   Thumb Code    78  vl53l0x_api_core.o(.text.VL53L0X_measurement_poll_for_completion)
    VL53L0X_perform_phase_calibration        0x08002ec1   Thumb Code   240  vl53l0x_api_calibration.o(.text.VL53L0X_perform_phase_calibration)
    VL53L0X_perform_ref_calibration          0x08002fb1   Thumb Code    68  vl53l0x_api_calibration.o(.text.VL53L0X_perform_ref_calibration)
    VL53L0X_perform_ref_spad_management      0x08002ff5   Thumb Code   968  vl53l0x_api_calibration.o(.text.VL53L0X_perform_ref_spad_management)
    VL53L0X_perform_vhv_calibration          0x080033bd   Thumb Code   228  vl53l0x_api_calibration.o(.text.VL53L0X_perform_vhv_calibration)
    VL53L0X_read_byte                        0x080034a1   Thumb Code    14  vl53l0x_i2c_platform.o(.text.VL53L0X_read_byte)
    VL53L0X_read_dword                       0x080034b1   Thumb Code    28  vl53l0x_i2c_platform.o(.text.VL53L0X_read_dword)
    VL53L0X_read_multi                       0x080034cd   Thumb Code    14  vl53l0x_i2c_platform.o(.text.VL53L0X_read_multi)
    VL53L0X_read_word                        0x080034dd   Thumb Code    34  vl53l0x_i2c_platform.o(.text.VL53L0X_read_word)
    VL53L0X_set_measurement_timing_budget_micro_seconds 0x08003501   Thumb Code   374  vl53l0x_api_core.o(.text.VL53L0X_set_measurement_timing_budget_micro_seconds)
    VL53L0X_set_reference_spads              0x08003679   Thumb Code   172  vl53l0x_api_calibration.o(.text.VL53L0X_set_reference_spads)
    VL53L0X_set_vcsel_pulse_period           0x08003725   Thumb Code   992  vl53l0x_api_core.o(.text.VL53L0X_set_vcsel_pulse_period)
    VL53L0X_write_byte                       0x08003b05   Thumb Code    26  vl53l0x_i2c_platform.o(.text.VL53L0X_write_byte)
    VL53L0X_write_multi                      0x08003b21   Thumb Code    14  vl53l0x_i2c_platform.o(.text.VL53L0X_write_multi)
    VL53L0X_write_word                       0x08003b31   Thumb Code    28  vl53l0x_i2c_platform.o(.text.VL53L0X_write_word)
    delay_ms                                 0x08003b4d   Thumb Code    96  timing.o(.text.delay_ms)
    digitalWrite                             0x08003bad   Thumb Code    86  gpio.o(.text.digitalWrite)
    enable_ref_spads                         0x08003c05   Thumb Code   322  vl53l0x_api_calibration.o(.text.enable_ref_spads)
    get_millis                               0x08003d49   Thumb Code    12  timing.o(.text.get_millis)
    get_sequence_step_timeout                0x08003d55   Thumb Code   364  vl53l0x_api_core.o(.text.get_sequence_step_timeout)
    main                                     0x08003ec1   Thumb Code   388  main.o(.text.main)
    perform_ref_signal_measurement           0x0800404d   Thumb Code   110  vl53l0x_api_calibration.o(.text.perform_ref_signal_measurement)
    pinMode                                  0x080040bd   Thumb Code   328  gpio.o(.text.pinMode)
    set_sequence_step_timeout                0x08004205   Thumb Code   468  vl53l0x_api_core.o(.text.set_sequence_step_timeout)
    uart_format                              0x080043d9   Thumb Code   214  uart.o(.text.uart_format)
    _fp_init                                 0x080044dd   Thumb Code    26  fpinit.o(x$fpl$fpinit)
    __fplib_config_fpu_vfp                   0x080044f5   Thumb Code     0  fpinit.o(x$fpl$fpinit)
    __fplib_config_pureend_doubles           0x080044f5   Thumb Code     0  fpinit.o(x$fpl$fpinit)
    Region$$Table$$Base                      0x080044f8   Number         0  anon$$obj.o(Region$$Table)
    Region$$Table$$Limit                     0x08004518   Number         0  anon$$obj.o(Region$$Table)
    DefaultTuningSettings                    0x20000000   Data         243  vl53l0x_api.o(.data.DefaultTuningSettings)
    InterruptThresholdSettings               0x200000f3   Data         438  vl53l0x_api.o(.data.InterruptThresholdSettings)
    SystemCoreClock                          0x200002ac   Data           4  system_stm32f4xx.o(.data.SystemCoreClock)
    refArrayQuadrants                        0x200002b0   Data          16  vl53l0x_api_calibration.o(.data.refArrayQuadrants)
    step                                     0x200002c0   Data           1  main.o(.data.step)
    stepper                                  0x200002c1   Data           4  main.o(.data.stepper)
    __libspace_start                         0x200002c8   Data          96  libspace.o(.bss)
    __temporary_stack_top$libspace           0x20000328   Data           0  libspace.o(.bss)
    angle                                    0x20000328   Data           4  main.o(.bss.angle)
    distance                                 0x2000032c   Data           2  main.o(.bss.distance)
    msTicks                                  0x20000330   Data           4  timing.o(.bss.msTicks)
    rangingData                              0x20000334   Data          28  main.o(.bss.rangingData)
    sensor                                   0x20000350   Data         388  main.o(.bss.sensor)
    step_count                               0x200004d4   Data           4  main.o(.bss.step_count)
    uartBuf                                  0x200004d8   Data          32  main.o(.bss.uartBuf)



==============================================================================

Memory Map of the image

  Image Entry point : 0x08000261

  Load Region LR_1 (Base: 0x08000000, Size: 0x000047e0, Max: 0xffffffff, ABSOLUTE)

    Execution Region ER_RO (Exec base: 0x08000000, Load base: 0x08000000, Size: 0x00004518, Max: 0xffffffff, ABSOLUTE)

    Exec Addr    Load Addr    Size         Type   Attr      Idx    E Section Name        Object

    0x08000000   0x08000000   0x00000194   Data   RO          558    RESET               startup_stm32f401xc.o
    0x08000194   0x08000194   0x00000008   Code   RO          592  * !!!main             c_w.l(__main.o)
    0x0800019c   0x0800019c   0x0000005c   Code   RO          757    !!!scatter          c_w.l(__scatter.o)
    0x080001f8   0x080001f8   0x0000001a   Code   RO          761    !!handler_copy      c_w.l(__scatter_copy.o)
    0x08000212   0x08000212   0x00000002   PAD
    0x08000214   0x08000214   0x00000002   Code   RO          758    !!handler_null      c_w.l(__scatter.o)
    0x08000216   0x08000216   0x00000002   PAD
    0x08000218   0x08000218   0x0000001c   Code   RO          763    !!handler_zi        c_w.l(__scatter_zi.o)
    0x08000234   0x08000234   0x00000002   Code   RO          619    .ARM.Collect$$libinit$$00000000  c_w.l(libinit.o)
    0x08000236   0x08000236   0x00000004   Code   RO          625    .ARM.Collect$$libinit$$00000001  c_w.l(libinit2.o)
    0x0800023a   0x0800023a   0x00000000   Code   RO          628    .ARM.Collect$$libinit$$00000004  c_w.l(libinit2.o)
    0x0800023a   0x0800023a   0x00000000   Code   RO          630    .ARM.Collect$$libinit$$00000006  c_w.l(libinit2.o)
    0x0800023a   0x0800023a   0x00000000   Code   RO          633    .ARM.Collect$$libinit$$0000000C  c_w.l(libinit2.o)
    0x0800023a   0x0800023a   0x00000000   Code   RO          635    .ARM.Collect$$libinit$$0000000E  c_w.l(libinit2.o)
    0x0800023a   0x0800023a   0x00000000   Code   RO          637    .ARM.Collect$$libinit$$00000010  c_w.l(libinit2.o)
    0x0800023a   0x0800023a   0x00000000   Code   RO          640    .ARM.Collect$$libinit$$00000013  c_w.l(libinit2.o)
    0x0800023a   0x0800023a   0x00000000   Code   RO          642    .ARM.Collect$$libinit$$00000015  c_w.l(libinit2.o)
    0x0800023a   0x0800023a   0x00000000   Code   RO          644    .ARM.Collect$$libinit$$00000017  c_w.l(libinit2.o)
    0x0800023a   0x0800023a   0x00000000   Code   RO          646    .ARM.Collect$$libinit$$00000019  c_w.l(libinit2.o)
    0x0800023a   0x0800023a   0x00000000   Code   RO          648    .ARM.Collect$$libinit$$0000001B  c_w.l(libinit2.o)
    0x0800023a   0x0800023a   0x00000000   Code   RO          650    .ARM.Collect$$libinit$$0000001D  c_w.l(libinit2.o)
    0x0800023a   0x0800023a   0x00000000   Code   RO          652    .ARM.Collect$$libinit$$0000001F  c_w.l(libinit2.o)
    0x0800023a   0x0800023a   0x00000000   Code   RO          654    .ARM.Collect$$libinit$$00000021  c_w.l(libinit2.o)
    0x0800023a   0x0800023a   0x00000000   Code   RO          656    .ARM.Collect$$libinit$$00000023  c_w.l(libinit2.o)
    0x0800023a   0x0800023a   0x00000000   Code   RO          658    .ARM.Collect$$libinit$$00000025  c_w.l(libinit2.o)
    0x0800023a   0x0800023a   0x00000000   Code   RO          660    .ARM.Collect$$libinit$$00000027  c_w.l(libinit2.o)
    0x0800023a   0x0800023a   0x00000000   Code   RO          664    .ARM.Collect$$libinit$$0000002E  c_w.l(libinit2.o)
    0x0800023a   0x0800023a   0x00000000   Code   RO          666    .ARM.Collect$$libinit$$00000030  c_w.l(libinit2.o)
    0x0800023a   0x0800023a   0x00000000   Code   RO          668    .ARM.Collect$$libinit$$00000032  c_w.l(libinit2.o)
    0x0800023a   0x0800023a   0x00000000   Code   RO          670    .ARM.Collect$$libinit$$00000034  c_w.l(libinit2.o)
    0x0800023a   0x0800023a   0x00000002   Code   RO          671    .ARM.Collect$$libinit$$00000035  c_w.l(libinit2.o)
    0x0800023c   0x0800023c   0x00000002   Code   RO          693    .ARM.Collect$$libshutdown$$00000000  c_w.l(libshutdown.o)
    0x0800023e   0x0800023e   0x00000000   Code   RO          708    .ARM.Collect$$libshutdown$$00000002  c_w.l(libshutdown2.o)
    0x0800023e   0x0800023e   0x00000000   Code   RO          710    .ARM.Collect$$libshutdown$$00000004  c_w.l(libshutdown2.o)
    0x0800023e   0x0800023e   0x00000000   Code   RO          713    .ARM.Collect$$libshutdown$$00000007  c_w.l(libshutdown2.o)
    0x0800023e   0x0800023e   0x00000000   Code   RO          716    .ARM.Collect$$libshutdown$$0000000A  c_w.l(libshutdown2.o)
    0x0800023e   0x0800023e   0x00000000   Code   RO          718    .ARM.Collect$$libshutdown$$0000000C  c_w.l(libshutdown2.o)
    0x0800023e   0x0800023e   0x00000000   Code   RO          721    .ARM.Collect$$libshutdown$$0000000F  c_w.l(libshutdown2.o)
    0x0800023e   0x0800023e   0x00000002   Code   RO          722    .ARM.Collect$$libshutdown$$00000010  c_w.l(libshutdown2.o)
    0x08000240   0x08000240   0x00000000   Code   RO          594    .ARM.Collect$$rtentry$$00000000  c_w.l(__rtentry.o)
    0x08000240   0x08000240   0x00000000   Code   RO          596    .ARM.Collect$$rtentry$$00000002  c_w.l(__rtentry2.o)
    0x08000240   0x08000240   0x00000006   Code   RO          608    .ARM.Collect$$rtentry$$00000004  c_w.l(__rtentry4.o)
    0x08000246   0x08000246   0x00000000   Code   RO          598    .ARM.Collect$$rtentry$$00000009  c_w.l(__rtentry2.o)
    0x08000246   0x08000246   0x00000004   Code   RO          599    .ARM.Collect$$rtentry$$0000000A  c_w.l(__rtentry2.o)
    0x0800024a   0x0800024a   0x00000000   Code   RO          601    .ARM.Collect$$rtentry$$0000000C  c_w.l(__rtentry2.o)
    0x0800024a   0x0800024a   0x00000008   Code   RO          602    .ARM.Collect$$rtentry$$0000000D  c_w.l(__rtentry2.o)
    0x08000252   0x08000252   0x00000002   Code   RO          623    .ARM.Collect$$rtexit$$00000000  c_w.l(rtexit.o)
    0x08000254   0x08000254   0x00000000   Code   RO          673    .ARM.Collect$$rtexit$$00000002  c_w.l(rtexit2.o)
    0x08000254   0x08000254   0x00000004   Code   RO          674    .ARM.Collect$$rtexit$$00000003  c_w.l(rtexit2.o)
    0x08000258   0x08000258   0x00000006   Code   RO          675    .ARM.Collect$$rtexit$$00000004  c_w.l(rtexit2.o)
    0x0800025e   0x0800025e   0x00000002   PAD
    0x08000260   0x08000260   0x00000040   Code   RO          559  * .text               startup_stm32f401xc.o
    0x080002a0   0x080002a0   0x00000048   Code   RO          582    .text               c_w.l(strcpy.o)
    0x080002e8   0x080002e8   0x0000008a   Code   RO          584    .text               c_w.l(rt_memcpy_v6.o)
    0x08000372   0x08000372   0x00000064   Code   RO          586    .text               c_w.l(rt_memcpy_w.o)
    0x080003d6   0x080003d6   0x0000004e   Code   RO          588    .text               c_w.l(rt_memclr_w.o)
    0x08000424   0x08000424   0x00000006   Code   RO          590    .text               c_w.l(heapauxi.o)
    0x0800042a   0x0800042a   0x0000004a   Code   RO          610    .text               c_w.l(sys_stackheap_outer.o)
    0x08000474   0x08000474   0x00000012   Code   RO          612    .text               c_w.l(exit.o)
    0x08000486   0x08000486   0x00000002   PAD
    0x08000488   0x08000488   0x00000008   Code   RO          620    .text               c_w.l(libspace.o)
    0x08000490   0x08000490   0x0000000c   Code   RO          683    .text               c_w.l(sys_exit.o)
    0x0800049c   0x0800049c   0x00000002   Code   RO          698    .text               c_w.l(use_no_semi.o)
    0x0800049e   0x0800049e   0x00000000   Code   RO          700    .text               c_w.l(indicate_semi.o)
    0x0800049e   0x0800049e   0x00000002   PAD
    0x080004a0   0x080004a0   0x00000090   Code   RO           67    .text.I2C1_Init     i2c.o
    0x08000530   0x08000530   0x0000020a   Code   RO           75    .text.I2C1_ReadBurst  i2c.o
    0x0800073a   0x0800073a   0x00000002   PAD
    0x0800073c   0x0800073c   0x0000012a   Code   RO           69    .text.I2C1_RecoverBus  i2c.o
    0x08000866   0x08000866   0x00000002   PAD
    0x08000868   0x08000868   0x000001c6   Code   RO           77    .text.I2C1_WriteBurst  i2c.o
    0x08000a2e   0x08000a2e   0x00000002   PAD
    0x08000a30   0x08000a30   0x00000010   Code   RO          514    .text.SysTick_Handler  timing.o
    0x08000a40   0x08000a40   0x00000046   Code   RO          516    .text.SysTick_Init  timing.o
    0x08000a86   0x08000a86   0x00000002   PAD
    0x08000a88   0x08000a88   0x00000012   Code   RO          566    .text.SystemInit    system_stm32f4xx.o
    0x08000a9a   0x08000a9a   0x00000002   PAD
    0x08000a9c   0x08000a9c   0x0000005c   Code   RO            2    .text.TIM2_IRQHandler  main.o
    0x08000af8   0x08000af8   0x00000086   Code   RO           37    .text.UART2_Init    uart.o
    0x08000b7e   0x08000b7e   0x00000002   PAD
    0x08000b80   0x08000b80   0x00000022   Code   RO           41    .text.UART2_WriteString  uart.o
    0x08000ba2   0x08000ba2   0x00000002   PAD
    0x08000ba4   0x08000ba4   0x00000028   Code   RO          545    .text.ULN2003_Stepper_Init  stepper.o
    0x08000bcc   0x08000bcc   0x00000058   Code   RO          547    .text.ULN2003_Stepper_Step  stepper.o
    0x08000c24   0x08000c24   0x000000d8   Code   RO          239    .text.VL53L0X_CheckAndLoadInterruptSettings  vl53l0x_api.o
    0x08000cfc   0x08000cfc   0x00000052   Code   RO          259    .text.VL53L0X_ClearInterruptMask  vl53l0x_api.o
    0x08000d4e   0x08000d4e   0x00000002   PAD
    0x08000d50   0x08000d50   0x00000270   Code   RO          137    .text.VL53L0X_DataInit  vl53l0x_api.o
    0x08000fc0   0x08000fc0   0x0000010c   Code   RO          139    .text.VL53L0X_GetDeviceParameters  vl53l0x_api.o
    0x080010cc   0x080010cc   0x0000006e   Code   RO          531    .text.VL53L0X_GetDistance_mm  vl53l0x.o
    0x0800113a   0x0800113a   0x00000002   PAD
    0x0800113c   0x0800113c   0x00000018   Code   RO          181    .text.VL53L0X_GetLimitCheckEnable  vl53l0x_api.o
    0x08001154   0x08001154   0x00000084   Code   RO          179    .text.VL53L0X_GetLimitCheckValue  vl53l0x_api.o
    0x080011d8   0x080011d8   0x00000052   Code   RO          245    .text.VL53L0X_GetMeasurementDataReady  vl53l0x_api.o
    0x0800122a   0x0800122a   0x00000002   PAD
    0x0800122c   0x0800122c   0x00000110   Code   RO          251    .text.VL53L0X_GetRangingMeasurementData  vl53l0x_api.o
    0x0800133c   0x0800133c   0x00000072   Code   RO          199    .text.VL53L0X_GetSequenceStepEnables  vl53l0x_api.o
    0x080013ae   0x080013ae   0x00000002   PAD
    0x080013b0   0x080013b0   0x00000004   Code   RO          155    .text.VL53L0X_GetVcselPulsePeriod  vl53l0x_api.o
    0x080013b4   0x080013b4   0x00000008   Code   RO          211    .text.VL53L0X_GetXTalkCompensationEnable  vl53l0x_api.o
    0x080013bc   0x080013bc   0x0000007c   Code   RO          529    .text.VL53L0X_Init  vl53l0x.o
    0x08001438   0x08001438   0x00000006   Code   RO          231    .text.VL53L0X_PerformRefCalibration  vl53l0x_api.o
    0x0800143e   0x0800143e   0x00000002   PAD
    0x08001440   0x08001440   0x00000004   Code   RO          287    .text.VL53L0X_PerformRefSpadManagement  vl53l0x_api.o
    0x08001444   0x08001444   0x00000084   Code   RO          257    .text.VL53L0X_PerformSingleRangingMeasurement  vl53l0x_api.o
    0x080014c8   0x080014c8   0x00000016   Code   RO          471    .text.VL53L0X_PollingDelay  vl53l0x_i2c_platform.o
    0x080014de   0x080014de   0x00000002   PAD
    0x080014e0   0x080014e0   0x00000014   Code   RO          498    .text.VL53L0X_RdByte  vl53l0x_platform.o
    0x080014f4   0x080014f4   0x00000014   Code   RO          502    .text.VL53L0X_RdDWord  vl53l0x_platform.o
    0x08001508   0x08001508   0x00000014   Code   RO          500    .text.VL53L0X_RdWord  vl53l0x_platform.o
    0x0800151c   0x0800151c   0x00000020   Code   RO          488    .text.VL53L0X_ReadMulti  vl53l0x_platform.o
    0x0800153c   0x0800153c   0x00000022   Code   RO          163    .text.VL53L0X_SetDeviceMode  vl53l0x_api.o
    0x0800155e   0x0800155e   0x00000002   PAD
    0x08001560   0x08001560   0x00000190   Code   RO          149    .text.VL53L0X_SetGpioConfig  vl53l0x_api.o
    0x080016f0   0x080016f0   0x00000098   Code   RO          141    .text.VL53L0X_SetLimitCheckEnable  vl53l0x_api.o
    0x08001788   0x08001788   0x0000006e   Code   RO          143    .text.VL53L0X_SetLimitCheckValue  vl53l0x_api.o
    0x080017f6   0x080017f6   0x00000002   PAD
    0x080017f8   0x080017f8   0x00000004   Code   RO          171    .text.VL53L0X_SetMeasurementTimingBudgetMicroSeconds  vl53l0x_api.o
    0x080017fc   0x080017fc   0x00000004   Code   RO          193    .text.VL53L0X_SetVcselPulsePeriod  vl53l0x_api.o
    0x08001800   0x08001800   0x000000f2   Code   RO          227    .text.VL53L0X_StartMeasurement  vl53l0x_api.o
    0x080018f2   0x080018f2   0x00000002   PAD
    0x080018f4   0x080018f4   0x00000218   Code   RO          117    .text.VL53L0X_StaticInit  vl53l0x_api.o
    0x08001b0c   0x08001b0c   0x0000004c   Code   RO          496    .text.VL53L0X_UpdateByte  vl53l0x_platform.o
    0x08001b58   0x08001b58   0x00000014   Code   RO          490    .text.VL53L0X_WrByte  vl53l0x_platform.o
    0x08001b6c   0x08001b6c   0x00000014   Code   RO          492    .text.VL53L0X_WrWord  vl53l0x_platform.o
    0x08001b80   0x08001b80   0x00000020   Code   RO          486    .text.VL53L0X_WriteMulti  vl53l0x_platform.o
    0x08001ba0   0x08001ba0   0x000000c0   Code   RO          400    .text.VL53L0X_calc_dmax  vl53l0x_api_core.o
    0x08001c60   0x08001c60   0x0000032c   Code   RO          402    .text.VL53L0X_calc_sigma_estimate  vl53l0x_api_core.o
    0x08001f8c   0x08001f8c   0x00000a26   Code   RO          368    .text.VL53L0X_get_info_from_device  vl53l0x_api_core.o
    0x080029b2   0x080029b2   0x00000002   PAD
    0x080029b4   0x080029b4   0x0000016e   Code   RO          390    .text.VL53L0X_get_measurement_timing_budget_micro_seconds  vl53l0x_api_core.o
    0x08002b22   0x08002b22   0x00000002   PAD
    0x08002b24   0x08002b24   0x00000042   Code   RO          305    .text.VL53L0X_get_offset_calibration_data_micro_meter  vl53l0x_api_calibration.o
    0x08002b66   0x08002b66   0x00000002   PAD
    0x08002b68   0x08002b68   0x00000210   Code   RO          404    .text.VL53L0X_get_pal_range_status  vl53l0x_api_core.o
    0x08002d78   0x08002d78   0x00000038   Code   RO          386    .text.VL53L0X_get_vcsel_pulse_period  vl53l0x_api_core.o
    0x08002db0   0x08002db0   0x000000c0   Code   RO          392    .text.VL53L0X_load_tuning_settings  vl53l0x_api_core.o
    0x08002e70   0x08002e70   0x0000004e   Code   RO          356    .text.VL53L0X_measurement_poll_for_completion  vl53l0x_api_core.o
    0x08002ebe   0x08002ebe   0x00000002   PAD
    0x08002ec0   0x08002ec0   0x000000f0   Code   RO          339    .text.VL53L0X_perform_phase_calibration  vl53l0x_api_calibration.o
    0x08002fb0   0x08002fb0   0x00000044   Code   RO          327    .text.VL53L0X_perform_ref_calibration  vl53l0x_api_calibration.o
    0x08002ff4   0x08002ff4   0x000003c8   Code   RO          325    .text.VL53L0X_perform_ref_spad_management  vl53l0x_api_calibration.o
    0x080033bc   0x080033bc   0x000000e4   Code   RO          337    .text.VL53L0X_perform_vhv_calibration  vl53l0x_api_calibration.o
    0x080034a0   0x080034a0   0x0000000e   Code   RO          451    .text.VL53L0X_read_byte  vl53l0x_i2c_platform.o
    0x080034ae   0x080034ae   0x00000002   PAD
    0x080034b0   0x080034b0   0x0000001c   Code   RO          455    .text.VL53L0X_read_dword  vl53l0x_i2c_platform.o
    0x080034cc   0x080034cc   0x0000000e   Code   RO          443    .text.VL53L0X_read_multi  vl53l0x_i2c_platform.o
    0x080034da   0x080034da   0x00000002   PAD
    0x080034dc   0x080034dc   0x00000022   Code   RO          453    .text.VL53L0X_read_word  vl53l0x_i2c_platform.o
    0x080034fe   0x080034fe   0x00000002   PAD
    0x08003500   0x08003500   0x00000176   Code   RO          388    .text.VL53L0X_set_measurement_timing_budget_micro_seconds  vl53l0x_api_core.o
    0x08003676   0x08003676   0x00000002   PAD
    0x08003678   0x08003678   0x000000ac   Code   RO          329    .text.VL53L0X_set_reference_spads  vl53l0x_api_calibration.o
    0x08003724   0x08003724   0x000003e0   Code   RO          384    .text.VL53L0X_set_vcsel_pulse_period  vl53l0x_api_core.o
    0x08003b04   0x08003b04   0x0000001a   Code   RO          445    .text.VL53L0X_write_byte  vl53l0x_i2c_platform.o
    0x08003b1e   0x08003b1e   0x00000002   PAD
    0x08003b20   0x08003b20   0x0000000e   Code   RO          441    .text.VL53L0X_write_multi  vl53l0x_i2c_platform.o
    0x08003b2e   0x08003b2e   0x00000002   PAD
    0x08003b30   0x08003b30   0x0000001c   Code   RO          447    .text.VL53L0X_write_word  vl53l0x_i2c_platform.o
    0x08003b4c   0x08003b4c   0x00000060   Code   RO          512    .text.delay_ms      timing.o
    0x08003bac   0x08003bac   0x00000056   Code   RO           25    .text.digitalWrite  gpio.o
    0x08003c02   0x08003c02   0x00000002   PAD
    0x08003c04   0x08003c04   0x00000142   Code   RO          321    .text.enable_ref_spads  vl53l0x_api_calibration.o
    0x08003d46   0x08003d46   0x00000002   PAD
    0x08003d48   0x08003d48   0x0000000c   Code   RO          518    .text.get_millis    timing.o
    0x08003d54   0x08003d54   0x0000016c   Code   RO          380    .text.get_sequence_step_timeout  vl53l0x_api_core.o
    0x08003ec0   0x08003ec0   0x0000018c   Code   RO            4    .text.main          main.o
    0x0800404c   0x0800404c   0x0000006e   Code   RO          323    .text.perform_ref_signal_measurement  vl53l0x_api_calibration.o
    0x080040ba   0x080040ba   0x00000002   PAD
    0x080040bc   0x080040bc   0x00000148   Code   RO           23    .text.pinMode       gpio.o
    0x08004204   0x08004204   0x000001d4   Code   RO          382    .text.set_sequence_step_timeout  vl53l0x_api_core.o
    0x080043d8   0x080043d8   0x000000d6   Code   RO           57    .text.uart_format   uart.o
    0x080044ae   0x080044ae   0x00000002   PAD
    0x080044b0   0x080044b0   0x0000002c   Code   RO           73    .text.wait_set      i2c.o
    0x080044dc   0x080044dc   0x0000001a   Code   RO          681    x$fpl$fpinit        fz_wm.l(fpinit.o)
    0x080044f6   0x080044f6   0x00000002   PAD
    0x080044f8   0x080044f8   0x00000020   Data   RO          756    Region$$Table       anon$$obj.o


    Execution Region ER_RW (Exec base: 0x20000000, Load base: 0x08004518, Size: 0x000002c8, Max: 0xffffffff, ABSOLUTE)

    Exec Addr    Load Addr    Size         Type   Attr      Idx    E Section Name        Object

    0x20000000   0x08004518   0x000000f3   Data   RW          289    .data.DefaultTuningSettings  vl53l0x_api.o
    0x200000f3   0x0800460b   0x000001b6   Data   RW          290    .data.InterruptThresholdSettings  vl53l0x_api.o
    0x200002a9   0x080047c1   0x00000003   PAD
    0x200002ac   0x080047c4   0x00000004   Data   RW          570    .data.SystemCoreClock  system_stm32f4xx.o
    0x200002b0   0x080047c8   0x00000010   Data   RW          345    .data.refArrayQuadrants  vl53l0x_api_calibration.o
    0x200002c0   0x080047d8   0x00000001   Data   RW            6    .data.step          main.o
    0x200002c1   0x080047d9   0x00000004   Data   RW           10    .data.stepper       main.o


    Execution Region ER_ZI (Exec base: 0x200002c8, Load base: 0x080047e0, Size: 0x00000830, Max: 0xffffffff, ABSOLUTE)

    Exec Addr    Load Addr    Size         Type   Attr      Idx    E Section Name        Object

    0x200002c8        -       0x00000060   Zero   RW          621    .bss                c_w.l(libspace.o)
    0x20000328        -       0x00000004   Zero   RW            9    .bss.angle          main.o
    0x2000032c        -       0x00000002   Zero   RW            8    .bss.distance       main.o
    0x2000032e   0x080047e0   0x00000002   PAD
    0x20000330        -       0x00000004   Zero   RW          520    .bss.msTicks        timing.o
    0x20000334        -       0x0000001c   Zero   RW           12    .bss.rangingData    main.o
    0x20000350        -       0x00000184   Zero   RW           11    .bss.sensor         main.o
    0x200004d4        -       0x00000004   Zero   RW            7    .bss.step_count     main.o
    0x200004d8        -       0x00000020   Zero   RW           13    .bss.uartBuf        main.o
    0x200004f8        -       0x00000200   Zero   RW          557    HEAP                startup_stm32f401xc.o
    0x200006f8        -       0x00000400   Zero   RW          556    STACK               startup_stm32f401xc.o


==============================================================================

Image component sizes


      Code (inc. data)   RO Data    RW Data    ZI Data      Debug   Object Name

       414          0          0          0          0       3062   gpio.o
      1462          0          0          0          0      10306   i2c.o
       488          8          0          5        458       9056   main.o
        64         26        404          0       1536        928   startup_stm32f401xc.o
       128          0          0          0          0       1793   stepper.o
        18          0          0          4          0       3043   system_stm32f4xx.o
       194          0          0          0          4       5200   timing.o
       382          0          0          0          0       5118   uart.o
       234          0          0          0          0       4745   vl53l0x.o
      3450         30          0        681          0      49396   vl53l0x_api.o
      2174          0          0         16          0      26257   vl53l0x_api_calibration.o
      7020         20          0          0          0      43337   vl53l0x_api_core.o
       180          0          0          0          0       5416   vl53l0x_i2c_platform.o
       240          0          0          0          0       8075   vl53l0x_platform.o

    ----------------------------------------------------------------------
     16508         84        436        712       2000     175732   Object Totals
         0          0         32          0          0          0   (incl. Generated)
        60          0          0          6          2          0   (incl. Padding)

    ----------------------------------------------------------------------

      Code (inc. data)   RO Data    RW Data    ZI Data      Debug   Library Member Name

         8          0          0          0          0         68   __main.o
         0          0          0          0          0          0   __rtentry.o
        12          0          0          0          0          0   __rtentry2.o
         6          0          0          0          0          0   __rtentry4.o
        94          8          0          0          0          0   __scatter.o
        26          0          0          0          0          0   __scatter_copy.o
        28          0          0          0          0          0   __scatter_zi.o
        18          0          0          0          0         80   exit.o
         6          0          0          0          0        152   heapauxi.o
         0          0          0          0          0          0   indicate_semi.o
         2          0          0          0          0          0   libinit.o
         6          0          0          0          0          0   libinit2.o
         2          0          0          0          0          0   libshutdown.o
         2          0          0          0          0          0   libshutdown2.o
         8          4          0          0         96         68   libspace.o
        78          0          0          0          0         80   rt_memclr_w.o
       138          0          0          0          0         68   rt_memcpy_v6.o
       100          0          0          0          0         80   rt_memcpy_w.o
         2          0          0          0          0          0   rtexit.o
        10          0          0          0          0          0   rtexit2.o
        72          0          0          0          0         80   strcpy.o
        12          4          0          0          0         68   sys_exit.o
        74          0          0          0          0         80   sys_stackheap_outer.o
         2          0          0          0          0         68   use_no_semi.o
        26          0          0          0          0        116   fpinit.o

    ----------------------------------------------------------------------
       744         16          0          0         96       1008   Library Totals
        12          0          0          0          0          0   (incl. Padding)

    ----------------------------------------------------------------------

      Code (inc. data)   RO Data    RW Data    ZI Data      Debug   Library Name

       706         16          0          0         96        892   c_w.l
        26          0          0          0          0        116   fz_wm.l

    ----------------------------------------------------------------------
       744         16          0          0         96       1008   Library Totals

    ----------------------------------------------------------------------

==============================================================================


      Code (inc. data)   RO Data    RW Data    ZI Data      Debug   

     17252        100        436        712       2096     176204   Grand Totals
     17252        100        436        712       2096     176204   ELF Image Totals
     17252        100        436        712          0          0   ROM Totals

==============================================================================

    Total RO  Size (Code + RO Data)                17688 (  17.27kB)
    Total RW  Size (RW Data + ZI Data)              2808 (   2.74kB)
    Total ROM Size (Code + RO Data + RW Data)      18400 (  17.97kB)

==============================================================================

